
AVRASM ver. 2.1.30  C:\Users\LENOVO\Desktop\REZA HOSSEINI\code\Debug\List\t4.asm Fri Apr 02 15:35:05 2021

C:\Users\LENOVO\Desktop\REZA HOSSEINI\code\Debug\List\t4.asm(1088): warning: Register r5 already defined by the .DEF directive
C:\Users\LENOVO\Desktop\REZA HOSSEINI\code\Debug\List\t4.asm(1089): warning: Register r4 already defined by the .DEF directive
C:\Users\LENOVO\Desktop\REZA HOSSEINI\code\Debug\List\t4.asm(1090): warning: Register r7 already defined by the .DEF directive
C:\Users\LENOVO\Desktop\REZA HOSSEINI\code\Debug\List\t4.asm(1091): warning: Register r8 already defined by the .DEF directive
C:\Users\LENOVO\Desktop\REZA HOSSEINI\code\Debug\List\t4.asm(1092): warning: Register r9 already defined by the .DEF directive
C:\Users\LENOVO\Desktop\REZA HOSSEINI\code\Debug\List\t4.asm(1093): warning: Register r10 already defined by the .DEF directive
C:\Users\LENOVO\Desktop\REZA HOSSEINI\code\Debug\List\t4.asm(1094): warning: Register r11 already defined by the .DEF directive
C:\Users\LENOVO\Desktop\REZA HOSSEINI\code\Debug\List\t4.asm(1095): warning: Register r12 already defined by the .DEF directive
C:\Users\LENOVO\Desktop\REZA HOSSEINI\code\Debug\List\t4.asm(1096): warning: Register r13 already defined by the .DEF directive
C:\Users\LENOVO\Desktop\REZA HOSSEINI\code\Debug\List\t4.asm(1097): warning: Register r6 already defined by the .DEF directive
                 
                 
                 ;CodeVisionAVR C Compiler V3.12 Advanced
                 ;(C) Copyright 1998-2014 Pavel Haiduc, HP InfoTech s.r.l.
                 ;http://www.hpinfotech.com
                 
                 ;Build configuration    : Debug
                 ;Chip type              : ATmega16
                 ;Program type           : Application
                 ;Clock frequency        : 8/000000 MHz
                 ;Memory model           : Small
                 ;Optimize for           : Size
                 ;(s)printf features     : int, width
                 ;(s)scanf features      : int, width
                 ;External RAM size      : 0
                 ;Data Stack size        : 256 byte(s)
                 ;Heap size              : 0 byte(s)
                 ;Promote 'char' to 'int': Yes
                 ;'char' is unsigned     : Yes
                 ;8 bit enums            : Yes
                 ;Global 'const' stored in FLASH: Yes
                 ;Enhanced function parameter passing: Yes
                 ;Enhanced core instructions: On
                 ;Automatic register allocation for global variables: On
                 ;Smart register allocation: On
                 
                 	#define _MODEL_SMALL_
                 
                 	#pragma AVRPART ADMIN PART_NAME ATmega16
                 	#pragma AVRPART MEMORY PROG_FLASH 16384
                 	#pragma AVRPART MEMORY EEPROM 512
                 	#pragma AVRPART MEMORY INT_SRAM SIZE 1024
                 	#pragma AVRPART MEMORY INT_SRAM START_ADDR 0x60
                 
                 	#define CALL_SUPPORTED 1
                 
                 	.LISTMAC
                 	.EQU UDRE=0x5
                 	.EQU RXC=0x7
                 	.EQU USR=0xB
                 	.EQU UDR=0xC
                 	.EQU SPSR=0xE
                 	.EQU SPDR=0xF
                 	.EQU EERE=0x0
                 	.EQU EEWE=0x1
                 	.EQU EEMWE=0x2
                 	.EQU EECR=0x1C
                 	.EQU EEDR=0x1D
                 	.EQU EEARL=0x1E
                 	.EQU EEARH=0x1F
                 	.EQU WDTCR=0x21
                 	.EQU MCUCR=0x35
                 	.EQU GICR=0x3B
                 	.EQU SPL=0x3D
                 	.EQU SPH=0x3E
                 	.EQU SREG=0x3F
                 
                 	.DEF R0X0=R0
                 	.DEF R0X1=R1
                 	.DEF R0X2=R2
                 	.DEF R0X3=R3
                 	.DEF R0X4=R4
                 	.DEF R0X5=R5
                 	.DEF R0X6=R6
                 	.DEF R0X7=R7
                 	.DEF R0X8=R8
                 	.DEF R0X9=R9
                 	.DEF R0XA=R10
                 	.DEF R0XB=R11
                 	.DEF R0XC=R12
                 	.DEF R0XD=R13
                 	.DEF R0XE=R14
                 	.DEF R0XF=R15
                 	.DEF R0X10=R16
                 	.DEF R0X11=R17
                 	.DEF R0X12=R18
                 	.DEF R0X13=R19
                 	.DEF R0X14=R20
                 	.DEF R0X15=R21
                 	.DEF R0X16=R22
                 	.DEF R0X17=R23
                 	.DEF R0X18=R24
                 	.DEF R0X19=R25
                 	.DEF R0X1A=R26
                 	.DEF R0X1B=R27
                 	.DEF R0X1C=R28
                 	.DEF R0X1D=R29
                 	.DEF R0X1E=R30
                 	.DEF R0X1F=R31
                 
                 	.EQU __SRAM_START=0x0060
                 	.EQU __SRAM_END=0x045F
                 	.EQU __DSTACK_SIZE=0x0100
                 	.EQU __HEAP_SIZE=0x0000
                 	.EQU __CLEAR_SRAM_SIZE=__SRAM_END-__SRAM_START+1
                 
                 	.MACRO __CPD1N
                 	CPI  R30,LOW(@0)
                 	LDI  R26,HIGH(@0)
                 	CPC  R31,R26
                 	LDI  R26,BYTE3(@0)
                 	CPC  R22,R26
                 	LDI  R26,BYTE4(@0)
                 	CPC  R23,R26
                 	.ENDM
                 
                 	.MACRO __CPD2N
                 	CPI  R26,LOW(@0)
                 	LDI  R30,HIGH(@0)
                 	CPC  R27,R30
                 	LDI  R30,BYTE3(@0)
                 	CPC  R24,R30
                 	LDI  R30,BYTE4(@0)
                 	CPC  R25,R30
                 	.ENDM
                 
                 	.MACRO __CPWRR
                 	CP   R@0,R@2
                 	CPC  R@1,R@3
                 	.ENDM
                 
                 	.MACRO __CPWRN
                 	CPI  R@0,LOW(@2)
                 	LDI  R30,HIGH(@2)
                 	CPC  R@1,R30
                 	.ENDM
                 
                 	.MACRO __ADDB1MN
                 	SUBI R30,LOW(-@0-(@1))
                 	.ENDM
                 
                 	.MACRO __ADDB2MN
                 	SUBI R26,LOW(-@0-(@1))
                 	.ENDM
                 
                 	.MACRO __ADDW1MN
                 	SUBI R30,LOW(-@0-(@1))
                 	SBCI R31,HIGH(-@0-(@1))
                 	.ENDM
                 
                 	.MACRO __ADDW2MN
                 	SUBI R26,LOW(-@0-(@1))
                 	SBCI R27,HIGH(-@0-(@1))
                 	.ENDM
                 
                 	.MACRO __ADDW1FN
                 	SUBI R30,LOW(-2*@0-(@1))
                 	SBCI R31,HIGH(-2*@0-(@1))
                 	.ENDM
                 
                 	.MACRO __ADDD1FN
                 	SUBI R30,LOW(-2*@0-(@1))
                 	SBCI R31,HIGH(-2*@0-(@1))
                 	SBCI R22,BYTE3(-2*@0-(@1))
                 	.ENDM
                 
                 	.MACRO __ADDD1N
                 	SUBI R30,LOW(-@0)
                 	SBCI R31,HIGH(-@0)
                 	SBCI R22,BYTE3(-@0)
                 	SBCI R23,BYTE4(-@0)
                 	.ENDM
                 
                 	.MACRO __ADDD2N
                 	SUBI R26,LOW(-@0)
                 	SBCI R27,HIGH(-@0)
                 	SBCI R24,BYTE3(-@0)
                 	SBCI R25,BYTE4(-@0)
                 	.ENDM
                 
                 	.MACRO __SUBD1N
                 	SUBI R30,LOW(@0)
                 	SBCI R31,HIGH(@0)
                 	SBCI R22,BYTE3(@0)
                 	SBCI R23,BYTE4(@0)
                 	.ENDM
                 
                 	.MACRO __SUBD2N
                 	SUBI R26,LOW(@0)
                 	SBCI R27,HIGH(@0)
                 	SBCI R24,BYTE3(@0)
                 	SBCI R25,BYTE4(@0)
                 	.ENDM
                 
                 	.MACRO __ANDBMNN
                 	LDS  R30,@0+(@1)
                 	ANDI R30,LOW(@2)
                 	STS  @0+(@1),R30
                 	.ENDM
                 
                 	.MACRO __ANDWMNN
                 	LDS  R30,@0+(@1)
                 	ANDI R30,LOW(@2)
                 	STS  @0+(@1),R30
                 	LDS  R30,@0+(@1)+1
                 	ANDI R30,HIGH(@2)
                 	STS  @0+(@1)+1,R30
                 	.ENDM
                 
                 	.MACRO __ANDD1N
                 	ANDI R30,LOW(@0)
                 	ANDI R31,HIGH(@0)
                 	ANDI R22,BYTE3(@0)
                 	ANDI R23,BYTE4(@0)
                 	.ENDM
                 
                 	.MACRO __ANDD2N
                 	ANDI R26,LOW(@0)
                 	ANDI R27,HIGH(@0)
                 	ANDI R24,BYTE3(@0)
                 	ANDI R25,BYTE4(@0)
                 	.ENDM
                 
                 	.MACRO __ORBMNN
                 	LDS  R30,@0+(@1)
                 	ORI  R30,LOW(@2)
                 	STS  @0+(@1),R30
                 	.ENDM
                 
                 	.MACRO __ORWMNN
                 	LDS  R30,@0+(@1)
                 	ORI  R30,LOW(@2)
                 	STS  @0+(@1),R30
                 	LDS  R30,@0+(@1)+1
                 	ORI  R30,HIGH(@2)
                 	STS  @0+(@1)+1,R30
                 	.ENDM
                 
                 	.MACRO __ORD1N
                 	ORI  R30,LOW(@0)
                 	ORI  R31,HIGH(@0)
                 	ORI  R22,BYTE3(@0)
                 	ORI  R23,BYTE4(@0)
                 	.ENDM
                 
                 	.MACRO __ORD2N
                 	ORI  R26,LOW(@0)
                 	ORI  R27,HIGH(@0)
                 	ORI  R24,BYTE3(@0)
                 	ORI  R25,BYTE4(@0)
                 	.ENDM
                 
                 	.MACRO __DELAY_USB
                 	LDI  R24,LOW(@0)
                 __DELAY_USB_LOOP:
                 	DEC  R24
                 	BRNE __DELAY_USB_LOOP
                 	.ENDM
                 
                 	.MACRO __DELAY_USW
                 	LDI  R24,LOW(@0)
                 	LDI  R25,HIGH(@0)
                 __DELAY_USW_LOOP:
                 	SBIW R24,1
                 	BRNE __DELAY_USW_LOOP
                 	.ENDM
                 
                 	.MACRO __GETD1S
                 	LDD  R30,Y+@0
                 	LDD  R31,Y+@0+1
                 	LDD  R22,Y+@0+2
                 	LDD  R23,Y+@0+3
                 	.ENDM
                 
                 	.MACRO __GETD2S
                 	LDD  R26,Y+@0
                 	LDD  R27,Y+@0+1
                 	LDD  R24,Y+@0+2
                 	LDD  R25,Y+@0+3
                 	.ENDM
                 
                 	.MACRO __PUTD1S
                 	STD  Y+@0,R30
                 	STD  Y+@0+1,R31
                 	STD  Y+@0+2,R22
                 	STD  Y+@0+3,R23
                 	.ENDM
                 
                 	.MACRO __PUTD2S
                 	STD  Y+@0,R26
                 	STD  Y+@0+1,R27
                 	STD  Y+@0+2,R24
                 	STD  Y+@0+3,R25
                 	.ENDM
                 
                 	.MACRO __PUTDZ2
                 	STD  Z+@0,R26
                 	STD  Z+@0+1,R27
                 	STD  Z+@0+2,R24
                 	STD  Z+@0+3,R25
                 	.ENDM
                 
                 	.MACRO __CLRD1S
                 	STD  Y+@0,R30
                 	STD  Y+@0+1,R30
                 	STD  Y+@0+2,R30
                 	STD  Y+@0+3,R30
                 	.ENDM
                 
                 	.MACRO __POINTB1MN
                 	LDI  R30,LOW(@0+(@1))
                 	.ENDM
                 
                 	.MACRO __POINTW1MN
                 	LDI  R30,LOW(@0+(@1))
                 	LDI  R31,HIGH(@0+(@1))
                 	.ENDM
                 
                 	.MACRO __POINTD1M
                 	LDI  R30,LOW(@0)
                 	LDI  R31,HIGH(@0)
                 	LDI  R22,BYTE3(@0)
                 	LDI  R23,BYTE4(@0)
                 	.ENDM
                 
                 	.MACRO __POINTW1FN
                 	LDI  R30,LOW(2*@0+(@1))
                 	LDI  R31,HIGH(2*@0+(@1))
                 	.ENDM
                 
                 	.MACRO __POINTD1FN
                 	LDI  R30,LOW(2*@0+(@1))
                 	LDI  R31,HIGH(2*@0+(@1))
                 	LDI  R22,BYTE3(2*@0+(@1))
                 	LDI  R23,BYTE4(2*@0+(@1))
                 	.ENDM
                 
                 	.MACRO __POINTB2MN
                 	LDI  R26,LOW(@0+(@1))
                 	.ENDM
                 
                 	.MACRO __POINTW2MN
                 	LDI  R26,LOW(@0+(@1))
                 	LDI  R27,HIGH(@0+(@1))
                 	.ENDM
                 
                 	.MACRO __POINTW2FN
                 	LDI  R26,LOW(2*@0+(@1))
                 	LDI  R27,HIGH(2*@0+(@1))
                 	.ENDM
                 
                 	.MACRO __POINTD2FN
                 	LDI  R26,LOW(2*@0+(@1))
                 	LDI  R27,HIGH(2*@0+(@1))
                 	LDI  R24,BYTE3(2*@0+(@1))
                 	LDI  R25,BYTE4(2*@0+(@1))
                 	.ENDM
                 
                 	.MACRO __POINTBRM
                 	LDI  R@0,LOW(@1)
                 	.ENDM
                 
                 	.MACRO __POINTWRM
                 	LDI  R@0,LOW(@2)
                 	LDI  R@1,HIGH(@2)
                 	.ENDM
                 
                 	.MACRO __POINTBRMN
                 	LDI  R@0,LOW(@1+(@2))
                 	.ENDM
                 
                 	.MACRO __POINTWRMN
                 	LDI  R@0,LOW(@2+(@3))
                 	LDI  R@1,HIGH(@2+(@3))
                 	.ENDM
                 
                 	.MACRO __POINTWRFN
                 	LDI  R@0,LOW(@2*2+(@3))
                 	LDI  R@1,HIGH(@2*2+(@3))
                 	.ENDM
                 
                 	.MACRO __GETD1N
                 	LDI  R30,LOW(@0)
                 	LDI  R31,HIGH(@0)
                 	LDI  R22,BYTE3(@0)
                 	LDI  R23,BYTE4(@0)
                 	.ENDM
                 
                 	.MACRO __GETD2N
                 	LDI  R26,LOW(@0)
                 	LDI  R27,HIGH(@0)
                 	LDI  R24,BYTE3(@0)
                 	LDI  R25,BYTE4(@0)
                 	.ENDM
                 
                 	.MACRO __GETB1MN
                 	LDS  R30,@0+(@1)
                 	.ENDM
                 
                 	.MACRO __GETB1HMN
                 	LDS  R31,@0+(@1)
                 	.ENDM
                 
                 	.MACRO __GETW1MN
                 	LDS  R30,@0+(@1)
                 	LDS  R31,@0+(@1)+1
                 	.ENDM
                 
                 	.MACRO __GETD1MN
                 	LDS  R30,@0+(@1)
                 	LDS  R31,@0+(@1)+1
                 	LDS  R22,@0+(@1)+2
                 	LDS  R23,@0+(@1)+3
                 	.ENDM
                 
                 	.MACRO __GETBRMN
                 	LDS  R@0,@1+(@2)
                 	.ENDM
                 
                 	.MACRO __GETWRMN
                 	LDS  R@0,@2+(@3)
                 	LDS  R@1,@2+(@3)+1
                 	.ENDM
                 
                 	.MACRO __GETWRZ
                 	LDD  R@0,Z+@2
                 	LDD  R@1,Z+@2+1
                 	.ENDM
                 
                 	.MACRO __GETD2Z
                 	LDD  R26,Z+@0
                 	LDD  R27,Z+@0+1
                 	LDD  R24,Z+@0+2
                 	LDD  R25,Z+@0+3
                 	.ENDM
                 
                 	.MACRO __GETB2MN
                 	LDS  R26,@0+(@1)
                 	.ENDM
                 
                 	.MACRO __GETW2MN
                 	LDS  R26,@0+(@1)
                 	LDS  R27,@0+(@1)+1
                 	.ENDM
                 
                 	.MACRO __GETD2MN
                 	LDS  R26,@0+(@1)
                 	LDS  R27,@0+(@1)+1
                 	LDS  R24,@0+(@1)+2
                 	LDS  R25,@0+(@1)+3
                 	.ENDM
                 
                 	.MACRO __PUTB1MN
                 	STS  @0+(@1),R30
                 	.ENDM
                 
                 	.MACRO __PUTW1MN
                 	STS  @0+(@1),R30
                 	STS  @0+(@1)+1,R31
                 	.ENDM
                 
                 	.MACRO __PUTD1MN
                 	STS  @0+(@1),R30
                 	STS  @0+(@1)+1,R31
                 	STS  @0+(@1)+2,R22
                 	STS  @0+(@1)+3,R23
                 	.ENDM
                 
                 	.MACRO __PUTB1EN
                 	LDI  R26,LOW(@0+(@1))
                 	LDI  R27,HIGH(@0+(@1))
                 	CALL __EEPROMWRB
                 	.ENDM
                 
                 	.MACRO __PUTW1EN
                 	LDI  R26,LOW(@0+(@1))
                 	LDI  R27,HIGH(@0+(@1))
                 	CALL __EEPROMWRW
                 	.ENDM
                 
                 	.MACRO __PUTD1EN
                 	LDI  R26,LOW(@0+(@1))
                 	LDI  R27,HIGH(@0+(@1))
                 	CALL __EEPROMWRD
                 	.ENDM
                 
                 	.MACRO __PUTBR0MN
                 	STS  @0+(@1),R0
                 	.ENDM
                 
                 	.MACRO __PUTBMRN
                 	STS  @0+(@1),R@2
                 	.ENDM
                 
                 	.MACRO __PUTWMRN
                 	STS  @0+(@1),R@2
                 	STS  @0+(@1)+1,R@3
                 	.ENDM
                 
                 	.MACRO __PUTBZR
                 	STD  Z+@1,R@0
                 	.ENDM
                 
                 	.MACRO __PUTWZR
                 	STD  Z+@2,R@0
                 	STD  Z+@2+1,R@1
                 	.ENDM
                 
                 	.MACRO __GETW1R
                 	MOV  R30,R@0
                 	MOV  R31,R@1
                 	.ENDM
                 
                 	.MACRO __GETW2R
                 	MOV  R26,R@0
                 	MOV  R27,R@1
                 	.ENDM
                 
                 	.MACRO __GETWRN
                 	LDI  R@0,LOW(@2)
                 	LDI  R@1,HIGH(@2)
                 	.ENDM
                 
                 	.MACRO __PUTW1R
                 	MOV  R@0,R30
                 	MOV  R@1,R31
                 	.ENDM
                 
                 	.MACRO __PUTW2R
                 	MOV  R@0,R26
                 	MOV  R@1,R27
                 	.ENDM
                 
                 	.MACRO __ADDWRN
                 	SUBI R@0,LOW(-@2)
                 	SBCI R@1,HIGH(-@2)
                 	.ENDM
                 
                 	.MACRO __ADDWRR
                 	ADD  R@0,R@2
                 	ADC  R@1,R@3
                 	.ENDM
                 
                 	.MACRO __SUBWRN
                 	SUBI R@0,LOW(@2)
                 	SBCI R@1,HIGH(@2)
                 	.ENDM
                 
                 	.MACRO __SUBWRR
                 	SUB  R@0,R@2
                 	SBC  R@1,R@3
                 	.ENDM
                 
                 	.MACRO __ANDWRN
                 	ANDI R@0,LOW(@2)
                 	ANDI R@1,HIGH(@2)
                 	.ENDM
                 
                 	.MACRO __ANDWRR
                 	AND  R@0,R@2
                 	AND  R@1,R@3
                 	.ENDM
                 
                 	.MACRO __ORWRN
                 	ORI  R@0,LOW(@2)
                 	ORI  R@1,HIGH(@2)
                 	.ENDM
                 
                 	.MACRO __ORWRR
                 	OR   R@0,R@2
                 	OR   R@1,R@3
                 	.ENDM
                 
                 	.MACRO __EORWRR
                 	EOR  R@0,R@2
                 	EOR  R@1,R@3
                 	.ENDM
                 
                 	.MACRO __GETWRS
                 	LDD  R@0,Y+@2
                 	LDD  R@1,Y+@2+1
                 	.ENDM
                 
                 	.MACRO __PUTBSR
                 	STD  Y+@1,R@0
                 	.ENDM
                 
                 	.MACRO __PUTWSR
                 	STD  Y+@2,R@0
                 	STD  Y+@2+1,R@1
                 	.ENDM
                 
                 	.MACRO __MOVEWRR
                 	MOV  R@0,R@2
                 	MOV  R@1,R@3
                 	.ENDM
                 
                 	.MACRO __INWR
                 	IN   R@0,@2
                 	IN   R@1,@2+1
                 	.ENDM
                 
                 	.MACRO __OUTWR
                 	OUT  @2+1,R@1
                 	OUT  @2,R@0
                 	.ENDM
                 
                 	.MACRO __CALL1MN
                 	LDS  R30,@0+(@1)
                 	LDS  R31,@0+(@1)+1
                 	ICALL
                 	.ENDM
                 
                 	.MACRO __CALL1FN
                 	LDI  R30,LOW(2*@0+(@1))
                 	LDI  R31,HIGH(2*@0+(@1))
                 	CALL __GETW1PF
                 	ICALL
                 	.ENDM
                 
                 	.MACRO __CALL2EN
                 	PUSH R26
                 	PUSH R27
                 	LDI  R26,LOW(@0+(@1))
                 	LDI  R27,HIGH(@0+(@1))
                 	CALL __EEPROMRDW
                 	POP  R27
                 	POP  R26
                 	ICALL
                 	.ENDM
                 
                 	.MACRO __CALL2EX
                 	SUBI R26,LOW(-@0)
                 	SBCI R27,HIGH(-@0)
                 	CALL __EEPROMRDD
                 	ICALL
                 	.ENDM
                 
                 	.MACRO __GETW1STACK
                 	IN   R30,SPL
                 	IN   R31,SPH
                 	ADIW R30,@0+1
                 	LD   R0,Z+
                 	LD   R31,Z
                 	MOV  R30,R0
                 	.ENDM
                 
                 	.MACRO __GETD1STACK
                 	IN   R30,SPL
                 	IN   R31,SPH
                 	ADIW R30,@0+1
                 	LD   R0,Z+
                 	LD   R1,Z+
                 	LD   R22,Z
                 	MOVW R30,R0
                 	.ENDM
                 
                 	.MACRO __NBST
                 	BST  R@0,@1
                 	IN   R30,SREG
                 	LDI  R31,0x40
                 	EOR  R30,R31
                 	OUT  SREG,R30
                 	.ENDM
                 
                 
                 	.MACRO __PUTB1SN
                 	LDD  R26,Y+@0
                 	LDD  R27,Y+@0+1
                 	SUBI R26,LOW(-@1)
                 	SBCI R27,HIGH(-@1)
                 	ST   X,R30
                 	.ENDM
                 
                 	.MACRO __PUTW1SN
                 	LDD  R26,Y+@0
                 	LDD  R27,Y+@0+1
                 	SUBI R26,LOW(-@1)
                 	SBCI R27,HIGH(-@1)
                 	ST   X+,R30
                 	ST   X,R31
                 	.ENDM
                 
                 	.MACRO __PUTD1SN
                 	LDD  R26,Y+@0
                 	LDD  R27,Y+@0+1
                 	SUBI R26,LOW(-@1)
                 	SBCI R27,HIGH(-@1)
                 	CALL __PUTDP1
                 	.ENDM
                 
                 	.MACRO __PUTB1SNS
                 	LDD  R26,Y+@0
                 	LDD  R27,Y+@0+1
                 	ADIW R26,@1
                 	ST   X,R30
                 	.ENDM
                 
                 	.MACRO __PUTW1SNS
                 	LDD  R26,Y+@0
                 	LDD  R27,Y+@0+1
                 	ADIW R26,@1
                 	ST   X+,R30
                 	ST   X,R31
                 	.ENDM
                 
                 	.MACRO __PUTD1SNS
                 	LDD  R26,Y+@0
                 	LDD  R27,Y+@0+1
                 	ADIW R26,@1
                 	CALL __PUTDP1
                 	.ENDM
                 
                 	.MACRO __PUTB1PMN
                 	LDS  R26,@0
                 	LDS  R27,@0+1
                 	SUBI R26,LOW(-@1)
                 	SBCI R27,HIGH(-@1)
                 	ST   X,R30
                 	.ENDM
                 
                 	.MACRO __PUTW1PMN
                 	LDS  R26,@0
                 	LDS  R27,@0+1
                 	SUBI R26,LOW(-@1)
                 	SBCI R27,HIGH(-@1)
                 	ST   X+,R30
                 	ST   X,R31
                 	.ENDM
                 
                 	.MACRO __PUTD1PMN
                 	LDS  R26,@0
                 	LDS  R27,@0+1
                 	SUBI R26,LOW(-@1)
                 	SBCI R27,HIGH(-@1)
                 	CALL __PUTDP1
                 	.ENDM
                 
                 	.MACRO __PUTB1PMNS
                 	LDS  R26,@0
                 	LDS  R27,@0+1
                 	ADIW R26,@1
                 	ST   X,R30
                 	.ENDM
                 
                 	.MACRO __PUTW1PMNS
                 	LDS  R26,@0
                 	LDS  R27,@0+1
                 	ADIW R26,@1
                 	ST   X+,R30
                 	ST   X,R31
                 	.ENDM
                 
                 	.MACRO __PUTD1PMNS
                 	LDS  R26,@0
                 	LDS  R27,@0+1
                 	ADIW R26,@1
                 	CALL __PUTDP1
                 	.ENDM
                 
                 	.MACRO __PUTB1RN
                 	MOVW R26,R@0
                 	SUBI R26,LOW(-@1)
                 	SBCI R27,HIGH(-@1)
                 	ST   X,R30
                 	.ENDM
                 
                 	.MACRO __PUTW1RN
                 	MOVW R26,R@0
                 	SUBI R26,LOW(-@1)
                 	SBCI R27,HIGH(-@1)
                 	ST   X+,R30
                 	ST   X,R31
                 	.ENDM
                 
                 	.MACRO __PUTD1RN
                 	MOVW R26,R@0
                 	SUBI R26,LOW(-@1)
                 	SBCI R27,HIGH(-@1)
                 	CALL __PUTDP1
                 	.ENDM
                 
                 	.MACRO __PUTB1RNS
                 	MOVW R26,R@0
                 	ADIW R26,@1
                 	ST   X,R30
                 	.ENDM
                 
                 	.MACRO __PUTW1RNS
                 	MOVW R26,R@0
                 	ADIW R26,@1
                 	ST   X+,R30
                 	ST   X,R31
                 	.ENDM
                 
                 	.MACRO __PUTD1RNS
                 	MOVW R26,R@0
                 	ADIW R26,@1
                 	CALL __PUTDP1
                 	.ENDM
                 
                 	.MACRO __PUTB1RON
                 	MOV  R26,R@0
                 	MOV  R27,R@1
                 	SUBI R26,LOW(-@2)
                 	SBCI R27,HIGH(-@2)
                 	ST   X,R30
                 	.ENDM
                 
                 	.MACRO __PUTW1RON
                 	MOV  R26,R@0
                 	MOV  R27,R@1
                 	SUBI R26,LOW(-@2)
                 	SBCI R27,HIGH(-@2)
                 	ST   X+,R30
                 	ST   X,R31
                 	.ENDM
                 
                 	.MACRO __PUTD1RON
                 	MOV  R26,R@0
                 	MOV  R27,R@1
                 	SUBI R26,LOW(-@2)
                 	SBCI R27,HIGH(-@2)
                 	CALL __PUTDP1
                 	.ENDM
                 
                 	.MACRO __PUTB1RONS
                 	MOV  R26,R@0
                 	MOV  R27,R@1
                 	ADIW R26,@2
                 	ST   X,R30
                 	.ENDM
                 
                 	.MACRO __PUTW1RONS
                 	MOV  R26,R@0
                 	MOV  R27,R@1
                 	ADIW R26,@2
                 	ST   X+,R30
                 	ST   X,R31
                 	.ENDM
                 
                 	.MACRO __PUTD1RONS
                 	MOV  R26,R@0
                 	MOV  R27,R@1
                 	ADIW R26,@2
                 	CALL __PUTDP1
                 	.ENDM
                 
                 
                 	.MACRO __GETB1SX
                 	MOVW R30,R28
                 	SUBI R30,LOW(-@0)
                 	SBCI R31,HIGH(-@0)
                 	LD   R30,Z
                 	.ENDM
                 
                 	.MACRO __GETB1HSX
                 	MOVW R30,R28
                 	SUBI R30,LOW(-@0)
                 	SBCI R31,HIGH(-@0)
                 	LD   R31,Z
                 	.ENDM
                 
                 	.MACRO __GETW1SX
                 	MOVW R30,R28
                 	SUBI R30,LOW(-@0)
                 	SBCI R31,HIGH(-@0)
                 	LD   R0,Z+
                 	LD   R31,Z
                 	MOV  R30,R0
                 	.ENDM
                 
                 	.MACRO __GETD1SX
                 	MOVW R30,R28
                 	SUBI R30,LOW(-@0)
                 	SBCI R31,HIGH(-@0)
                 	LD   R0,Z+
                 	LD   R1,Z+
                 	LD   R22,Z+
                 	LD   R23,Z
                 	MOVW R30,R0
                 	.ENDM
                 
                 	.MACRO __GETB2SX
                 	MOVW R26,R28
                 	SUBI R26,LOW(-@0)
                 	SBCI R27,HIGH(-@0)
                 	LD   R26,X
                 	.ENDM
                 
                 	.MACRO __GETW2SX
                 	MOVW R26,R28
                 	SUBI R26,LOW(-@0)
                 	SBCI R27,HIGH(-@0)
                 	LD   R0,X+
                 	LD   R27,X
                 	MOV  R26,R0
                 	.ENDM
                 
                 	.MACRO __GETD2SX
                 	MOVW R26,R28
                 	SUBI R26,LOW(-@0)
                 	SBCI R27,HIGH(-@0)
                 	LD   R0,X+
                 	LD   R1,X+
                 	LD   R24,X+
                 	LD   R25,X
                 	MOVW R26,R0
                 	.ENDM
                 
                 	.MACRO __GETBRSX
                 	MOVW R30,R28
                 	SUBI R30,LOW(-@1)
                 	SBCI R31,HIGH(-@1)
                 	LD   R@0,Z
                 	.ENDM
                 
                 	.MACRO __GETWRSX
                 	MOVW R30,R28
                 	SUBI R30,LOW(-@2)
                 	SBCI R31,HIGH(-@2)
                 	LD   R@0,Z+
                 	LD   R@1,Z
                 	.ENDM
                 
                 	.MACRO __GETBRSX2
                 	MOVW R26,R28
                 	SUBI R26,LOW(-@1)
                 	SBCI R27,HIGH(-@1)
                 	LD   R@0,X
                 	.ENDM
                 
                 	.MACRO __GETWRSX2
                 	MOVW R26,R28
                 	SUBI R26,LOW(-@2)
                 	SBCI R27,HIGH(-@2)
                 	LD   R@0,X+
                 	LD   R@1,X
                 	.ENDM
                 
                 	.MACRO __LSLW8SX
                 	MOVW R30,R28
                 	SUBI R30,LOW(-@0)
                 	SBCI R31,HIGH(-@0)
                 	LD   R31,Z
                 	CLR  R30
                 	.ENDM
                 
                 	.MACRO __PUTB1SX
                 	MOVW R26,R28
                 	SUBI R26,LOW(-@0)
                 	SBCI R27,HIGH(-@0)
                 	ST   X,R30
                 	.ENDM
                 
                 	.MACRO __PUTW1SX
                 	MOVW R26,R28
                 	SUBI R26,LOW(-@0)
                 	SBCI R27,HIGH(-@0)
                 	ST   X+,R30
                 	ST   X,R31
                 	.ENDM
                 
                 	.MACRO __PUTD1SX
                 	MOVW R26,R28
                 	SUBI R26,LOW(-@0)
                 	SBCI R27,HIGH(-@0)
                 	ST   X+,R30
                 	ST   X+,R31
                 	ST   X+,R22
                 	ST   X,R23
                 	.ENDM
                 
                 	.MACRO __CLRW1SX
                 	MOVW R26,R28
                 	SUBI R26,LOW(-@0)
                 	SBCI R27,HIGH(-@0)
                 	ST   X+,R30
                 	ST   X,R30
                 	.ENDM
                 
                 	.MACRO __CLRD1SX
                 	MOVW R26,R28
                 	SUBI R26,LOW(-@0)
                 	SBCI R27,HIGH(-@0)
                 	ST   X+,R30
                 	ST   X+,R30
                 	ST   X+,R30
                 	ST   X,R30
                 	.ENDM
                 
                 	.MACRO __PUTB2SX
                 	MOVW R30,R28
                 	SUBI R30,LOW(-@0)
                 	SBCI R31,HIGH(-@0)
                 	ST   Z,R26
                 	.ENDM
                 
                 	.MACRO __PUTW2SX
                 	MOVW R30,R28
                 	SUBI R30,LOW(-@0)
                 	SBCI R31,HIGH(-@0)
                 	ST   Z+,R26
                 	ST   Z,R27
                 	.ENDM
                 
                 	.MACRO __PUTD2SX
                 	MOVW R30,R28
                 	SUBI R30,LOW(-@0)
                 	SBCI R31,HIGH(-@0)
                 	ST   Z+,R26
                 	ST   Z+,R27
                 	ST   Z+,R24
                 	ST   Z,R25
                 	.ENDM
                 
                 	.MACRO __PUTBSRX
                 	MOVW R30,R28
                 	SUBI R30,LOW(-@1)
                 	SBCI R31,HIGH(-@1)
                 	ST   Z,R@0
                 	.ENDM
                 
                 	.MACRO __PUTWSRX
                 	MOVW R30,R28
                 	SUBI R30,LOW(-@2)
                 	SBCI R31,HIGH(-@2)
                 	ST   Z+,R@0
                 	ST   Z,R@1
                 	.ENDM
                 
                 	.MACRO __PUTB1SNX
                 	MOVW R26,R28
                 	SUBI R26,LOW(-@0)
                 	SBCI R27,HIGH(-@0)
                 	LD   R0,X+
                 	LD   R27,X
                 	MOV  R26,R0
                 	SUBI R26,LOW(-@1)
                 	SBCI R27,HIGH(-@1)
                 	ST   X,R30
                 	.ENDM
                 
                 	.MACRO __PUTW1SNX
                 	MOVW R26,R28
                 	SUBI R26,LOW(-@0)
                 	SBCI R27,HIGH(-@0)
                 	LD   R0,X+
                 	LD   R27,X
                 	MOV  R26,R0
                 	SUBI R26,LOW(-@1)
                 	SBCI R27,HIGH(-@1)
                 	ST   X+,R30
                 	ST   X,R31
                 	.ENDM
                 
                 	.MACRO __PUTD1SNX
                 	MOVW R26,R28
                 	SUBI R26,LOW(-@0)
                 	SBCI R27,HIGH(-@0)
                 	LD   R0,X+
                 	LD   R27,X
                 	MOV  R26,R0
                 	SUBI R26,LOW(-@1)
                 	SBCI R27,HIGH(-@1)
                 	ST   X+,R30
                 	ST   X+,R31
                 	ST   X+,R22
                 	ST   X,R23
                 	.ENDM
                 
                 	.MACRO __MULBRR
                 	MULS R@0,R@1
                 	MOVW R30,R0
                 	.ENDM
                 
                 	.MACRO __MULBRRU
                 	MUL  R@0,R@1
                 	MOVW R30,R0
                 	.ENDM
                 
                 	.MACRO __MULBRR0
                 	MULS R@0,R@1
                 	.ENDM
                 
                 	.MACRO __MULBRRU0
                 	MUL  R@0,R@1
                 	.ENDM
                 
                 	.MACRO __MULBNWRU
                 	LDI  R26,@2
                 	MUL  R26,R@0
                 	MOVW R30,R0
                 	MUL  R26,R@1
                 	ADD  R31,R0
                 	.ENDM
                 
                 ;NAME DEFINITIONS FOR GLOBAL VARIABLES ALLOCATED TO REGISTERS
                 	.DEF _read=R5
                 	.DEF _sum=R4
                 	.DEF _q=R7
                 	.DEF _l=R8
                 	.DEF _l_msb=R9
                 	.DEF _p=R10
                 	.DEF _p_msb=R11
                 	.DEF _j=R12
                 	.DEF _j_msb=R13
                 	.DEF __lcd_x=R6
                 
                 	.CSEG
                 	.ORG 0x00
                 
                 ;START OF CODE MARKER
                 __START_OF_CODE:
                 
                 ;INTERRUPT VECTORS
000000 940c 0049 	JMP  __RESET
000002 940c 0000 	JMP  0x00
000004 940c 0000 	JMP  0x00
000006 940c 0000 	JMP  0x00
000008 940c 0000 	JMP  0x00
00000a 940c 0000 	JMP  0x00
00000c 940c 0000 	JMP  0x00
00000e 940c 0000 	JMP  0x00
000010 940c 0000 	JMP  0x00
000012 940c 0000 	JMP  0x00
000014 940c 0000 	JMP  0x00
000016 940c 0000 	JMP  0x00
000018 940c 0000 	JMP  0x00
00001a 940c 0000 	JMP  0x00
00001c 940c 0000 	JMP  0x00
00001e 940c 0000 	JMP  0x00
000020 940c 0000 	JMP  0x00
000022 940c 0000 	JMP  0x00
000024 940c 0000 	JMP  0x00
000026 940c 0000 	JMP  0x00
000028 940c 0000 	JMP  0x00
                 
                 _tbl10_G100:
00002a 2710
00002b 03e8
00002c 0064
00002d 000a      	.DB  0x10,0x27,0xE8,0x3,0x64,0x0,0xA,0x0
00002e 0001      	.DB  0x1,0x0
                 _tbl16_G100:
00002f 1000
000030 0100
000031 0010
000032 0001      	.DB  0x0,0x10,0x0,0x1,0x10,0x0,0x1,0x0
                 
                 ;GLOBAL REGISTER VARIABLES INITIALIZATION
                 __REG_VARS:
000033 1400
000034 0000      	.DB  0x0,0x14,0x0,0x0
000035 0000
000036 0000      	.DB  0x0,0x0,0x0,0x0
000037 0000      	.DB  0x0,0x0
                 
                 _0x0:
000038 4552
000039 415a
00003a 4820
00003b 534f      	.DB  0x52,0x45,0x5A,0x41,0x20,0x48,0x4F,0x53
00003c 4553
00003d 4e49
00003e 0049
00003f 6425      	.DB  0x53,0x45,0x49,0x4E,0x49,0x0,0x25,0x64
C:\Users\LENOVO\Desktop\REZA HOSSEINI\code\Debug\List\t4.asm(1143): warning: .cseg .db misalignment - padding zero byte
000040 0000      	.DB  0x0
                 _0x2020003:
000041 c080      	.DB  0x80,0xC0
                 
                 __GLOBAL_INI_TBL:
000042 000a      	.DW  0x0A
000043 0004      	.DW  0x04
000044 0066      	.DW  __REG_VARS*2
                 
000045 0002      	.DW  0x02
000046 0196      	.DW  __base_y_G101
000047 0082      	.DW  _0x2020003*2
                 
                 _0xFFFFFFFF:
000048 0000      	.DW  0
                 
                 #define __GLOBAL_INI_TBL_PRESENT 1
                 
                 __RESET:
000049 94f8      	CLI
00004a 27ee      	CLR  R30
00004b bbec      	OUT  EECR,R30
                 
                 ;INTERRUPT VECTORS ARE PLACED
                 ;AT THE START OF FLASH
00004c e0f1      	LDI  R31,1
00004d bffb      	OUT  GICR,R31
00004e bfeb      	OUT  GICR,R30
00004f bfe5      	OUT  MCUCR,R30
                 
                 ;CLEAR R2-R14
000050 e08d      	LDI  R24,(14-2)+1
000051 e0a2      	LDI  R26,2
000052 27bb      	CLR  R27
                 __CLEAR_REG:
000053 93ed      	ST   X+,R30
000054 958a      	DEC  R24
000055 f7e9      	BRNE __CLEAR_REG
                 
                 ;CLEAR SRAM
000056 e080      	LDI  R24,LOW(__CLEAR_SRAM_SIZE)
000057 e094      	LDI  R25,HIGH(__CLEAR_SRAM_SIZE)
000058 e6a0      	LDI  R26,__SRAM_START
                 __CLEAR_SRAM:
000059 93ed      	ST   X+,R30
00005a 9701      	SBIW R24,1
00005b f7e9      	BRNE __CLEAR_SRAM
                 
                 ;GLOBAL VARIABLES INITIALIZATION
00005c e8e4      	LDI  R30,LOW(__GLOBAL_INI_TBL*2)
00005d e0f0      	LDI  R31,HIGH(__GLOBAL_INI_TBL*2)
                 __GLOBAL_INI_NEXT:
00005e 9185      	LPM  R24,Z+
00005f 9195      	LPM  R25,Z+
000060 9700      	SBIW R24,0
000061 f061      	BREQ __GLOBAL_INI_END
000062 91a5      	LPM  R26,Z+
000063 91b5      	LPM  R27,Z+
000064 9005      	LPM  R0,Z+
000065 9015      	LPM  R1,Z+
000066 01bf      	MOVW R22,R30
000067 01f0      	MOVW R30,R0
                 __GLOBAL_INI_LOOP:
000068 9005      	LPM  R0,Z+
000069 920d      	ST   X+,R0
00006a 9701      	SBIW R24,1
00006b f7e1      	BRNE __GLOBAL_INI_LOOP
00006c 01fb      	MOVW R30,R22
00006d cff0      	RJMP __GLOBAL_INI_NEXT
                 __GLOBAL_INI_END:
                 
                 ;HARDWARE STACK POINTER INITIALIZATION
00006e e5ef      	LDI  R30,LOW(__SRAM_END-__HEAP_SIZE)
00006f bfed      	OUT  SPL,R30
000070 e0e4      	LDI  R30,HIGH(__SRAM_END-__HEAP_SIZE)
000071 bfee      	OUT  SPH,R30
                 
                 ;DATA STACK POINTER INITIALIZATION
000072 e6c0      	LDI  R28,LOW(__SRAM_START+__DSTACK_SIZE)
000073 e0d1      	LDI  R29,HIGH(__SRAM_START+__DSTACK_SIZE)
                 
000074 940c 00ea 	JMP  _main
                 
                 	.ESEG
                 	.ORG 0
                 
                 	.DSEG
                 	.ORG 0x160
                 
                 	.CSEG
                 ;/*******************************************************
                 ;This program was created by the
                 ;CodeWizardAVR V3.12 Advanced
                 ;Automatic Program Generator
                 ;© Copyright 1998-2014 Pavel Haiduc, HP InfoTech s.r.l.
                 ;http://www.hpinfotech.com
                 ;
                 ;Project :
                 ;Version :
                 ;Date    : 02/04/2021
                 ;Author  :
                 ;Company :
                 ;Comments:
                 ;
                 ;
                 ;Chip type               : ATmega16
                 ;Program type            : Application
                 ;AVR Core Clock frequency: 8/000000 MHz
                 ;Memory model            : Small
                 ;External RAM size       : 0
                 ;Data Stack size         : 256
                 ;*******************************************************/
                 ;
                 ;#include <mega16.h>
                 	#ifndef __SLEEP_DEFINED__
                 	#define __SLEEP_DEFINED__
                 	.EQU __se_bit=0x40
                 	.EQU __sm_mask=0xB0
                 	.EQU __sm_powerdown=0x20
                 	.EQU __sm_powersave=0x30
                 	.EQU __sm_standby=0xA0
                 	.EQU __sm_ext_standby=0xB0
                 	.EQU __sm_adc_noise_red=0x10
                 	.SET power_ctrl_reg=mcucr
                 	#endif
                 ;#include <delay.h>
                 ;#include <stdio.h>
                 ;// Alphanumeric LCD functions
                 ;#include <alcd.h>
                 ;
                 ;// Declare your global variables here
                 ;
                 ;unsigned char y[16],w[16],o[16];
                 ;unsigned char read=20,sum=0,q;
                 ;unsigned int l,p,j=0,t,k;
                 ;unsigned int r;
                 ;
                 ;unsigned char calculat(void){
                 ; 0000 0025 unsigned char calculat(void){
                 
                 	.CSEG
                 _calculat:
                 ; .FSTART _calculat
                 ; 0000 0026     PORTD.7=0;
000076 9897      	CBI  0x12,7
                 ; 0000 0027     delay_ms(2);
000077 940e 0407 	CALL SUBOPT_0x0
                 ; 0000 0028     if(PIND.0==0){
000079 9980      	SBIC 0x10,0
00007a c005      	RJMP _0x5
                 ; 0000 0029         q=21;lcd_putchar('/');
00007b e1e5      	LDI  R30,LOW(21)
00007c 2e7e      	MOV  R7,R30
00007d e2af      	LDI  R26,LOW(47)
00007e 940e 040b 	CALL SUBOPT_0x1
                 ; 0000 002A         delay_ms(300); }
                 ; 0000 002B     if(PIND.1==0){
                 _0x5:
000080 9981      	SBIC 0x10,1
000081 c005      	RJMP _0x6
                 ; 0000 002C         q=22;lcd_putchar('*');
000082 e1e6      	LDI  R30,LOW(22)
000083 2e7e      	MOV  R7,R30
000084 e2aa      	LDI  R26,LOW(42)
000085 940e 040b 	CALL SUBOPT_0x1
                 ; 0000 002D         delay_ms(300);
                 ; 0000 002E         }
                 ; 0000 002F     if(PIND.2==0){
                 _0x6:
000087 9982      	SBIC 0x10,2
000088 c005      	RJMP _0x7
                 ; 0000 0030         q=23;lcd_putchar('-');
000089 e1e7      	LDI  R30,LOW(23)
00008a 2e7e      	MOV  R7,R30
00008b e2ad      	LDI  R26,LOW(45)
00008c 940e 040b 	CALL SUBOPT_0x1
                 ; 0000 0031         delay_ms(300);
                 ; 0000 0032     }
                 ; 0000 0033     if(PIND.3==0){
                 _0x7:
00008e 9983      	SBIC 0x10,3
00008f c005      	RJMP _0x8
                 ; 0000 0034         q=24;lcd_putchar('+');
000090 e1e8      	LDI  R30,LOW(24)
000091 2e7e      	MOV  R7,R30
000092 e2ab      	LDI  R26,LOW(43)
000093 940e 040b 	CALL SUBOPT_0x1
                 ; 0000 0035         delay_ms(300);
                 ; 0000 0036         }
                 ; 0000 0037     PORTD.7=1;
                 _0x8:
000095 9a97      	SBI  0x12,7
                 ; 0000 0038     return q;
000096 2de7      	MOV  R30,R7
000097 9508      	RET
                 ; 0000 0039 }
                 ; .FEND
                 ;
                 ;unsigned char keyboard(void)
                 ; 0000 003C {
                 _keyboard:
                 ; .FSTART _keyboard
                 ; 0000 003D     read=20;
000098 e1e4      	LDI  R30,LOW(20)
000099 2e5e      	MOV  R5,R30
                 ; 0000 003E     PORTD.4=0;
00009a 9894      	CBI  0x12,4
                 ; 0000 003F     delay_ms(2);
00009b 940e 0407 	CALL SUBOPT_0x0
                 ; 0000 0040     if(PIND.0==0)
00009d 9980      	SBIC 0x10,0
00009e c002      	RJMP _0xD
                 ; 0000 0041         read=7;
00009f e0e7      	LDI  R30,LOW(7)
0000a0 2e5e      	MOV  R5,R30
                 ; 0000 0042     if(PIND.1==0)
                 _0xD:
0000a1 9981      	SBIC 0x10,1
0000a2 c002      	RJMP _0xE
                 ; 0000 0043         read=4;
0000a3 e0e4      	LDI  R30,LOW(4)
0000a4 2e5e      	MOV  R5,R30
                 ; 0000 0044     if(PIND.2==0)
                 _0xE:
0000a5 9982      	SBIC 0x10,2
0000a6 c002      	RJMP _0xF
                 ; 0000 0045         read=1;
0000a7 e0e1      	LDI  R30,LOW(1)
0000a8 2e5e      	MOV  R5,R30
                 ; 0000 0046     if(PIND.3==0){
                 _0xF:
0000a9 9983      	SBIC 0x10,3
0000aa c011      	RJMP _0x10
                 ; 0000 0047         lcd_clear();
0000ab 940e 0376 	CALL _lcd_clear
                 ; 0000 0048         read=20;
0000ad e1e4      	LDI  R30,LOW(20)
0000ae 2e5e      	MOV  R5,R30
                 ; 0000 0049         sum=0;
0000af 2444      	CLR  R4
                 ; 0000 004A         q=0;
0000b0 2477      	CLR  R7
                 ; 0000 004B         l=0;
0000b1 2488      	CLR  R8
0000b2 2499      	CLR  R9
                 ; 0000 004C         p=0;
0000b3 24aa      	CLR  R10
0000b4 24bb      	CLR  R11
                 ; 0000 004D         j=0;
0000b5 24cc      	CLR  R12
0000b6 24dd      	CLR  R13
                 ; 0000 004E         t=0;
0000b7 e0e0      	LDI  R30,LOW(0)
0000b8 93e0 0190 	STS  _t,R30
0000ba 93e0 0191 	STS  _t+1,R30
                 ; 0000 004F     }
                 ; 0000 0050     PORTD.4=1;
                 _0x10:
0000bc 9a94      	SBI  0x12,4
                 ; 0000 0051 
                 ; 0000 0052     PORTD.5=0;
0000bd 9895      	CBI  0x12,5
                 ; 0000 0053     delay_ms(2);
0000be 940e 0407 	CALL SUBOPT_0x0
                 ; 0000 0054     if(PIND.0==0)
0000c0 9980      	SBIC 0x10,0
0000c1 c002      	RJMP _0x15
                 ; 0000 0055         read=8;
0000c2 e0e8      	LDI  R30,LOW(8)
0000c3 2e5e      	MOV  R5,R30
                 ; 0000 0056     if(PIND.1==0)
                 _0x15:
0000c4 9981      	SBIC 0x10,1
0000c5 c002      	RJMP _0x16
                 ; 0000 0057         read=5;
0000c6 e0e5      	LDI  R30,LOW(5)
0000c7 2e5e      	MOV  R5,R30
                 ; 0000 0058     if(PIND.2==0)
                 _0x16:
0000c8 9982      	SBIC 0x10,2
0000c9 c002      	RJMP _0x17
                 ; 0000 0059         read=2;
0000ca e0e2      	LDI  R30,LOW(2)
0000cb 2e5e      	MOV  R5,R30
                 ; 0000 005A     if(PIND.3==0)
                 _0x17:
0000cc 9b83      	SBIS 0x10,3
                 ; 0000 005B         read=0;
0000cd 2455      	CLR  R5
                 ; 0000 005C     PORTD.5=1;
0000ce 9a95      	SBI  0x12,5
                 ; 0000 005D 
                 ; 0000 005E     PORTD.6=0;
0000cf 9896      	CBI  0x12,6
                 ; 0000 005F     delay_ms(2);
0000d0 940e 0407 	CALL SUBOPT_0x0
                 ; 0000 0060     if(PIND.0==0)
0000d2 9980      	SBIC 0x10,0
0000d3 c002      	RJMP _0x1D
                 ; 0000 0061         read=9;
0000d4 e0e9      	LDI  R30,LOW(9)
0000d5 2e5e      	MOV  R5,R30
                 ; 0000 0062     if(PIND.1==0)
                 _0x1D:
0000d6 9981      	SBIC 0x10,1
0000d7 c002      	RJMP _0x1E
                 ; 0000 0063         read=6;
0000d8 e0e6      	LDI  R30,LOW(6)
0000d9 2e5e      	MOV  R5,R30
                 ; 0000 0064     if(PIND.2==0)
                 _0x1E:
0000da 9982      	SBIC 0x10,2
0000db c002      	RJMP _0x1F
                 ; 0000 0065         read=3;
0000dc e0e3      	LDI  R30,LOW(3)
0000dd 2e5e      	MOV  R5,R30
                 ; 0000 0066     if(PIND.3==0){
                 _0x1F:
0000de 9983      	SBIC 0x10,3
0000df c007      	RJMP _0x20
                 ; 0000 0067         lcd_gotoxy(t+1,0);
0000e0 940e 0411 	CALL SUBOPT_0x2
                 ; 0000 0068         lcd_putchar('=');
0000e2 e3ad      	LDI  R26,LOW(61)
0000e3 940e 040b 	CALL SUBOPT_0x1
                 ; 0000 0069         delay_ms(300);
                 ; 0000 006A         sum=25;
0000e5 e1e9      	LDI  R30,LOW(25)
0000e6 2e4e      	MOV  R4,R30
                 ; 0000 006B     }
                 ; 0000 006C     PORTD.6=1;
                 _0x20:
0000e7 9a96      	SBI  0x12,6
                 ; 0000 006D     return read;
0000e8 2de5      	MOV  R30,R5
0000e9 9508      	RET
                 ; 0000 006E }
                 ; .FEND
                 ;
                 ;void main(void)
                 ; 0000 0071 {
                 _main:
                 ; .FSTART _main
                 ; 0000 0072 // Declare your local variables here
                 ; 0000 0073 
                 ; 0000 0074 // Input/Output Ports initialization
                 ; 0000 0075 // Port C initialization
                 ; 0000 0076 // Function: Bit7=Out Bit6=Out Bit5=Out Bit4=Out Bit3=Out Bit2=Out Bit1=Out Bit0=Out
                 ; 0000 0077 DDRC=(1<<DDC7) | (1<<DDC6) | (1<<DDC5) | (1<<DDC4) | (0<<DDC3) | (1<<DDC2) | (1<<DDC1) | (1<<DDC0);
0000ea efe7      	LDI  R30,LOW(247)
0000eb bbe4      	OUT  0x14,R30
                 ; 0000 0078 // State: Bit7=T Bit6=T Bit5=T Bit4=T Bit3=T Bit2=T Bit1=T Bit0=T
                 ; 0000 0079 PORTC=(0<<PORTC7) | (0<<PORTC6) | (0<<PORTC5) | (0<<PORTC4) | (0<<PORTC3) | (0<<PORTC2) | (0<<PORTC1) | (0<<PORTC0);
0000ec e0e0      	LDI  R30,LOW(0)
0000ed bbe5      	OUT  0x15,R30
                 ; 0000 007A 
                 ; 0000 007B // Port D initialization
                 ; 0000 007C // Function: Bit7=Out Bit6=Out Bit5=Out Bit4=Out Bit3=Out Bit2=Out Bit1=Out Bit0=Out
                 ; 0000 007D DDRD=(1<<DDD7) | (1<<DDD6) | (1<<DDD5) | (1<<DDD4) | (0<<DDD3) | (0<<DDD2) | (0<<DDD1) | (0<<DDD0);
0000ee efe0      	LDI  R30,LOW(240)
0000ef bbe1      	OUT  0x11,R30
                 ; 0000 007E // State: Bit7=P Bit6=P Bit5=P Bit4=P Bit3=P Bit2=P Bit1=P Bit0=P
                 ; 0000 007F PORTD=(1<<PORTD7) | (1<<PORTD6) | (1<<PORTD5) | (1<<PORTD4) | (1<<PORTD3) | (1<<PORTD2) | (1<<PORTD1) | (1<<PORTD0);
0000f0 efef      	LDI  R30,LOW(255)
0000f1 bbe2      	OUT  0x12,R30
                 ; 0000 0080 
                 ; 0000 0081 
                 ; 0000 0082 // External Interrupt(s) initialization
                 ; 0000 0083 // INT0: Off
                 ; 0000 0084 // INT1: Off
                 ; 0000 0085 // INT2: Off
                 ; 0000 0086 MCUCR=(0<<ISC11) | (0<<ISC10) | (0<<ISC01) | (0<<ISC00);
0000f2 e0e0      	LDI  R30,LOW(0)
0000f3 bfe5      	OUT  0x35,R30
                 ; 0000 0087 MCUCSR=(0<<ISC2);
0000f4 bfe4      	OUT  0x34,R30
                 ; 0000 0088 
                 ; 0000 0089 // USART initialization
                 ; 0000 008A // USART disabled
                 ; 0000 008B UCSRB=(0<<RXCIE) | (0<<TXCIE) | (0<<UDRIE) | (0<<RXEN) | (0<<TXEN) | (0<<UCSZ2) | (0<<RXB8) | (0<<TXB8);
0000f5 b9ea      	OUT  0xA,R30
                 ; 0000 008C 
                 ; 0000 008D // Analog Comparator initialization
                 ; 0000 008E // Analog Comparator: Off
                 ; 0000 008F // The Analog Comparator's positive input is
                 ; 0000 0090 // connected to the AIN0 pin
                 ; 0000 0091 // The Analog Comparator's negative input is
                 ; 0000 0092 // connected to the AIN1 pin
                 ; 0000 0093 ACSR=(1<<ACD) | (0<<ACBG) | (0<<ACO) | (0<<ACI) | (0<<ACIE) | (0<<ACIC) | (0<<ACIS1) | (0<<ACIS0);
0000f6 e8e0      	LDI  R30,LOW(128)
0000f7 b9e8      	OUT  0x8,R30
                 ; 0000 0094 SFIOR=(0<<ACME);
0000f8 e0e0      	LDI  R30,LOW(0)
0000f9 bfe0      	OUT  0x30,R30
                 ; 0000 0095 
                 ; 0000 0096 // ADC initialization
                 ; 0000 0097 // ADC disabled
                 ; 0000 0098 ADCSRA=(0<<ADEN) | (0<<ADSC) | (0<<ADATE) | (0<<ADIF) | (0<<ADIE) | (0<<ADPS2) | (0<<ADPS1) | (0<<ADPS0);
0000fa b9e6      	OUT  0x6,R30
                 ; 0000 0099 
                 ; 0000 009A // SPI initialization
                 ; 0000 009B // SPI disabled
                 ; 0000 009C SPCR=(0<<SPIE) | (0<<SPE) | (0<<DORD) | (0<<MSTR) | (0<<CPOL) | (0<<CPHA) | (0<<SPR1) | (0<<SPR0);
0000fb b9ed      	OUT  0xD,R30
                 ; 0000 009D 
                 ; 0000 009E // TWI initialization
                 ; 0000 009F // TWI disabled
                 ; 0000 00A0 TWCR=(0<<TWEA) | (0<<TWSTA) | (0<<TWSTO) | (0<<TWEN) | (0<<TWIE);
0000fc bfe6      	OUT  0x36,R30
                 ; 0000 00A1 
                 ; 0000 00A2 // Alphanumeric LCD initialization
                 ; 0000 00A3 // Connections are specified in the
                 ; 0000 00A4 // Project|Configure|C Compiler|Libraries|Alphanumeric LCD menu:
                 ; 0000 00A5 // RS - PORTC Bit 0
                 ; 0000 00A6 // RD - PORTC Bit 1
                 ; 0000 00A7 // EN - PORTC Bit 2
                 ; 0000 00A8 // D4 - PORTC Bit 4
                 ; 0000 00A9 // D5 - PORTC Bit 5
                 ; 0000 00AA // D6 - PORTC Bit 6
                 ; 0000 00AB // D7 - PORTC Bit 7
                 ; 0000 00AC // Characters/line: 16
                 ; 0000 00AD lcd_init(16);
0000fd e1a0      	LDI  R26,LOW(16)
0000fe 940e 03bf 	CALL _lcd_init
                 ; 0000 00AE lcd_clear();
000100 940e 0376 	CALL _lcd_clear
                 ; 0000 00AF while (1)
                 _0x23:
                 ; 0000 00B0       {
                 ; 0000 00B1        lcd_gotoxy(0 , 1 );
000102 e0e0      	LDI  R30,LOW(0)
000103 93ea      	ST   -Y,R30
000104 e0a1      	LDI  R26,LOW(1)
000105 940e 0367 	CALL _lcd_gotoxy
                 ; 0000 00B2        lcd_putsf("REZA HOSSEINI");
                +
000107 e7a0     +LDI R26 , LOW ( 2 * _0x0 + ( 0 ) )
000108 e0b0     +LDI R27 , HIGH ( 2 * _0x0 + ( 0 ) )
                 	__POINTW2FN _0x0,0
000109 940e 03ac 	CALL _lcd_putsf
                 ; 0000 00B3        lcd_gotoxy(0 , 0 );
00010b e0e0      	LDI  R30,LOW(0)
00010c 940e 0418 	CALL SUBOPT_0x3
                 ; 0000 00B4        read=keyboard();
00010e df89      	RCALL _keyboard
00010f 2e5e      	MOV  R5,R30
                 ; 0000 00B5 
                 ; 0000 00B6         if((read!=20) && (read<10) && (q<=21)&&(k!=6)) {
000110 e1e4      	LDI  R30,LOW(20)
000111 15e5      	CP   R30,R5
000112 f061      	BREQ _0x27
000113 e0ea      	LDI  R30,LOW(10)
000114 165e      	CP   R5,R30
000115 f448      	BRSH _0x27
000116 e1e5      	LDI  R30,LOW(21)
000117 15e7      	CP   R30,R7
000118 f030      	BRLO _0x27
000119 91a0 0192 	LDS  R26,_k
00011b 91b0 0193 	LDS  R27,_k+1
00011d 9716      	SBIW R26,6
00011e f409      	BRNE _0x28
                 _0x27:
00011f c010      	RJMP _0x26
                 _0x28:
                 ; 0000 00B7         l=l*10+read;
000120 01f4      	MOVW R30,R8
000121 940e 041c 	CALL SUBOPT_0x4
000123 014f      	MOVW R8,R30
                 ; 0000 00B8         sprintf(y,"%d",read);
000124 e6e0      	LDI  R30,LOW(_y)
000125 e0f1      	LDI  R31,HIGH(_y)
000126 940e 0426 	CALL SUBOPT_0x5
                 ; 0000 00B9         lcd_gotoxy(t,0);
000128 91e0 0190 	LDS  R30,_t
00012a 940e 0418 	CALL SUBOPT_0x3
                 ; 0000 00BA         lcd_puts(y);
00012c e6a0      	LDI  R26,LOW(_y)
00012d e0b1      	LDI  R27,HIGH(_y)
00012e 940e 0437 	CALL SUBOPT_0x6
                 ; 0000 00BB         delay_ms(300);
                 ; 0000 00BC         t++;
                 ; 0000 00BD         }
                 ; 0000 00BE 
                 ; 0000 00BF         lcd_gotoxy(t , 0 );
                 _0x26:
000130 91e0 0190 	LDS  R30,_t
000132 940e 0418 	CALL SUBOPT_0x3
                 ; 0000 00C0         calculat();
000134 df41      	RCALL _calculat
                 ; 0000 00C1 
                 ; 0000 00C2         read=keyboard();
000135 df62      	RCALL _keyboard
000136 2e5e      	MOV  R5,R30
                 ; 0000 00C3         if((read!=20) && (read<10) && (q>=21)) {
000137 e1e4      	LDI  R30,LOW(20)
000138 15e5      	CP   R30,R5
000139 f031      	BREQ _0x2A
00013a e0ea      	LDI  R30,LOW(10)
00013b 165e      	CP   R5,R30
00013c f418      	BRSH _0x2A
00013d e1e5      	LDI  R30,LOW(21)
00013e 167e      	CP   R7,R30
00013f f408      	BRSH _0x2B
                 _0x2A:
000140 c014      	RJMP _0x29
                 _0x2B:
                 ; 0000 00C4         p=p*10+read;
000141 01f5      	MOVW R30,R10
000142 940e 041c 	CALL SUBOPT_0x4
000144 015f      	MOVW R10,R30
                 ; 0000 00C5         sprintf(w,"%d",read);
000145 e7e0      	LDI  R30,LOW(_w)
000146 e0f1      	LDI  R31,HIGH(_w)
000147 940e 0426 	CALL SUBOPT_0x5
                 ; 0000 00C6         lcd_gotoxy(t+1,0);
000149 940e 0411 	CALL SUBOPT_0x2
                 ; 0000 00C7         lcd_puts(w);
00014b e7a0      	LDI  R26,LOW(_w)
00014c e0b1      	LDI  R27,HIGH(_w)
00014d 940e 0437 	CALL SUBOPT_0x6
                 ; 0000 00C8         delay_ms(300);
                 ; 0000 00C9         t++;
                 ; 0000 00CA         k=6;
00014f e0e6      	LDI  R30,LOW(6)
000150 e0f0      	LDI  R31,HIGH(6)
000151 93e0 0192 	STS  _k,R30
000153 93f0 0193 	STS  _k+1,R31
                 ; 0000 00CB         }
                 ; 0000 00CC 
                 ; 0000 00CD         if(sum==25){
                 _0x29:
000155 e1e9      	LDI  R30,LOW(25)
000156 15e4      	CP   R30,R4
000157 f009      	BREQ PC+2
000158 c044      	RJMP _0x2C
                 ; 0000 00CE         lcd_gotoxy(t+2,0);
000159 91e0 0190 	LDS  R30,_t
00015b 5fee      	SUBI R30,-LOW(2)
00015c 940e 0418 	CALL SUBOPT_0x3
                 ; 0000 00CF         if(q==21)  r=l/p;       //(/)
00015e e1e5      	LDI  R30,LOW(21)
00015f 15e7      	CP   R30,R7
000160 f431      	BRNE _0x2D
000161 01f5      	MOVW R30,R10
000162 01d4      	MOVW R26,R8
000163 940e 049e 	CALL __DIVW21U
000165 940e 0445 	CALL SUBOPT_0x7
                 ; 0000 00D0         if(q==22)  r=l*p;       //(*)
                 _0x2D:
000167 e1e6      	LDI  R30,LOW(22)
000168 15e7      	CP   R30,R7
000169 f431      	BRNE _0x2E
00016a 01f5      	MOVW R30,R10
00016b 01d4      	MOVW R26,R8
00016c 940e 0496 	CALL __MULW12U
00016e 940e 0445 	CALL SUBOPT_0x7
                 ; 0000 00D1         if(q==23)  r=l-p;       //(-)
                 _0x2E:
000170 e1e7      	LDI  R30,LOW(23)
000171 15e7      	CP   R30,R7
000172 f429      	BRNE _0x2F
000173 01f4      	MOVW R30,R8
000174 19ea      	SUB  R30,R10
000175 09fb      	SBC  R31,R11
000176 940e 0445 	CALL SUBOPT_0x7
                 ; 0000 00D2         if(q==24)  r=l+p;       //(+)
                 _0x2F:
000178 e1e8      	LDI  R30,LOW(24)
000179 15e7      	CP   R30,R7
00017a f429      	BRNE _0x30
00017b 01f5      	MOVW R30,R10
00017c 0de8      	ADD  R30,R8
00017d 1df9      	ADC  R31,R9
00017e 940e 0445 	CALL SUBOPT_0x7
                 ; 0000 00D3         sprintf(o, "%d",r);
                 _0x30:
000180 e8e0      	LDI  R30,LOW(_o)
000181 e0f1      	LDI  R31,HIGH(_o)
000182 93fa      	ST   -Y,R31
000183 93ea      	ST   -Y,R30
                +
000184 e7ee     +LDI R30 , LOW ( 2 * _0x0 + ( 14 ) )
000185 e0f0     +LDI R31 , HIGH ( 2 * _0x0 + ( 14 ) )
                 	__POINTW1FN _0x0,14
000186 93fa      	ST   -Y,R31
000187 93ea      	ST   -Y,R30
000188 91e0 0194 	LDS  R30,_r
00018a 91f0 0195 	LDS  R31,_r+1
00018c 2766      	CLR  R22
00018d 2777      	CLR  R23
00018e 940e 04b9 	CALL __PUTPARD1
000190 e084      	LDI  R24,4
000191 940e 0313 	CALL _sprintf
000193 9628      	ADIW R28,8
                 ; 0000 00D4         lcd_puts(o);
000194 e8a0      	LDI  R26,LOW(_o)
000195 e0b1      	LDI  R27,HIGH(_o)
000196 940e 039d 	CALL _lcd_puts
                 ; 0000 00D5         delay_ms(300);
000198 e2ac      	LDI  R26,LOW(300)
000199 e0b1      	LDI  R27,HIGH(300)
00019a 940e 0484 	CALL _delay_ms
                 ; 0000 00D6         sum=0;
00019c 2444      	CLR  R4
                 ; 0000 00D7 }
                 ; 0000 00D8 }
                 _0x2C:
00019d cf64      	RJMP _0x23
                 ; 0000 00D9 }
                 _0x31:
00019e cfff      	RJMP _0x31
                 ; .FEND
                 ;
                 	#ifndef __SLEEP_DEFINED__
                 	#endif
                 
                 	.CSEG
                 _put_buff_G100:
                 ; .FSTART _put_buff_G100
00019f 93ba      	ST   -Y,R27
0001a0 93aa      	ST   -Y,R26
0001a1 931a      	ST   -Y,R17
0001a2 930a      	ST   -Y,R16
0001a3 81aa      	LDD  R26,Y+2
0001a4 81bb      	LDD  R27,Y+2+1
0001a5 9612      	ADIW R26,2
0001a6 940e 04b1 	CALL __GETW1P
0001a8 9730      	SBIW R30,0
0001a9 f159      	BREQ _0x2000010
0001aa 81aa      	LDD  R26,Y+2
0001ab 81bb      	LDD  R27,Y+2+1
0001ac 9614      	ADIW R26,4
0001ad 940e 04b1 	CALL __GETW1P
0001af 018f      	MOVW R16,R30
0001b0 9730      	SBIW R30,0
0001b1 f061      	BREQ _0x2000012
                +
0001b2 3002     +CPI R16 , LOW ( 2 )
0001b3 e0e0     +LDI R30 , HIGH ( 2 )
0001b4 071e     +CPC R17 , R30
                 	__CPWRN 16,17,2
0001b5 f098      	BRLO _0x2000013
0001b6 01f8      	MOVW R30,R16
0001b7 9731      	SBIW R30,1
0001b8 018f      	MOVW R16,R30
                +
0001b9 81aa     +LDD R26 , Y + 2
0001ba 81bb     +LDD R27 , Y + 2 + 1
0001bb 9614     +ADIW R26 , 4
0001bc 93ed     +ST X + , R30
0001bd 93fc     +ST X , R31
                 	__PUTW1SNS 2,4
                 _0x2000012:
0001be 81aa      	LDD  R26,Y+2
0001bf 81bb      	LDD  R27,Y+2+1
0001c0 9612      	ADIW R26,2
0001c1 91ed      	LD   R30,X+
0001c2 91fd      	LD   R31,X+
0001c3 9631      	ADIW R30,1
0001c4 93fe      	ST   -X,R31
0001c5 93ee      	ST   -X,R30
0001c6 9731      	SBIW R30,1
0001c7 81ac      	LDD  R26,Y+4
0001c8 83a0      	STD  Z+0,R26
                 _0x2000013:
0001c9 81aa      	LDD  R26,Y+2
0001ca 81bb      	LDD  R27,Y+2+1
0001cb 940e 04b1 	CALL __GETW1P
0001cd 23ff      	TST  R31
0001ce f02a      	BRMI _0x2000014
0001cf 91ed      	LD   R30,X+
0001d0 91fd      	LD   R31,X+
0001d1 9631      	ADIW R30,1
0001d2 93fe      	ST   -X,R31
0001d3 93ee      	ST   -X,R30
                 _0x2000014:
0001d4 c006      	RJMP _0x2000015
                 _0x2000010:
0001d5 81aa      	LDD  R26,Y+2
0001d6 81bb      	LDD  R27,Y+2+1
0001d7 efef      	LDI  R30,LOW(65535)
0001d8 efff      	LDI  R31,HIGH(65535)
0001d9 93ed      	ST   X+,R30
0001da 93fc      	ST   X,R31
                 _0x2000015:
0001db 8119      	LDD  R17,Y+1
0001dc 8108      	LDD  R16,Y+0
0001dd 9625      	ADIW R28,5
0001de 9508      	RET
                 ; .FEND
                 __print_G100:
                 ; .FSTART __print_G100
0001df 93ba      	ST   -Y,R27
0001e0 93aa      	ST   -Y,R26
0001e1 9726      	SBIW R28,6
0001e2 940e 04be 	CALL __SAVELOCR6
0001e4 e010      	LDI  R17,0
0001e5 85ac      	LDD  R26,Y+12
0001e6 85bd      	LDD  R27,Y+12+1
0001e7 e0e0      	LDI  R30,LOW(0)
0001e8 e0f0      	LDI  R31,HIGH(0)
0001e9 93ed      	ST   X+,R30
0001ea 93fc      	ST   X,R31
                 _0x2000016:
0001eb 89ea      	LDD  R30,Y+18
0001ec 89fb      	LDD  R31,Y+18+1
0001ed 9631      	ADIW R30,1
0001ee 8bea      	STD  Y+18,R30
0001ef 8bfb      	STD  Y+18+1,R31
0001f0 9731      	SBIW R30,1
0001f1 91e4      	LPM  R30,Z
0001f2 2f2e      	MOV  R18,R30
0001f3 30e0      	CPI  R30,0
0001f4 f409      	BRNE PC+2
0001f5 c115      	RJMP _0x2000018
0001f6 2fe1      	MOV  R30,R17
0001f7 30e0      	CPI  R30,0
0001f8 f439      	BRNE _0x200001C
0001f9 3225      	CPI  R18,37
0001fa f411      	BRNE _0x200001D
0001fb e011      	LDI  R17,LOW(1)
0001fc c002      	RJMP _0x200001E
                 _0x200001D:
0001fd 940e 044a 	CALL SUBOPT_0x8
                 _0x200001E:
0001ff c10a      	RJMP _0x200001B
                 _0x200001C:
000200 30e1      	CPI  R30,LOW(0x1)
000201 f4a9      	BRNE _0x200001F
000202 3225      	CPI  R18,37
000203 f419      	BRNE _0x2000020
000204 940e 044a 	CALL SUBOPT_0x8
000206 c102      	RJMP _0x20000CC
                 _0x2000020:
000207 e012      	LDI  R17,LOW(2)
000208 e040      	LDI  R20,LOW(0)
000209 e000      	LDI  R16,LOW(0)
00020a 322d      	CPI  R18,45
00020b f411      	BRNE _0x2000021
00020c e001      	LDI  R16,LOW(1)
00020d c0fc      	RJMP _0x200001B
                 _0x2000021:
00020e 322b      	CPI  R18,43
00020f f411      	BRNE _0x2000022
000210 e24b      	LDI  R20,LOW(43)
000211 c0f8      	RJMP _0x200001B
                 _0x2000022:
000212 3220      	CPI  R18,32
000213 f411      	BRNE _0x2000023
000214 e240      	LDI  R20,LOW(32)
000215 c0f4      	RJMP _0x200001B
                 _0x2000023:
000216 c002      	RJMP _0x2000024
                 _0x200001F:
000217 30e2      	CPI  R30,LOW(0x2)
000218 f439      	BRNE _0x2000025
                 _0x2000024:
000219 e050      	LDI  R21,LOW(0)
00021a e013      	LDI  R17,LOW(3)
00021b 3320      	CPI  R18,48
00021c f411      	BRNE _0x2000026
00021d 6800      	ORI  R16,LOW(128)
00021e c0eb      	RJMP _0x200001B
                 _0x2000026:
00021f c003      	RJMP _0x2000027
                 _0x2000025:
000220 30e3      	CPI  R30,LOW(0x3)
000221 f009      	BREQ PC+2
000222 c0e7      	RJMP _0x200001B
                 _0x2000027:
000223 3320      	CPI  R18,48
000224 f010      	BRLO _0x200002A
000225 332a      	CPI  R18,58
000226 f008      	BRLO _0x200002B
                 _0x200002A:
000227 c007      	RJMP _0x2000029
                 _0x200002B:
000228 e0aa      	LDI  R26,LOW(10)
000229 9f5a      	MUL  R21,R26
00022a 2d50      	MOV  R21,R0
00022b 2fe2      	MOV  R30,R18
00022c 53e0      	SUBI R30,LOW(48)
00022d 0f5e      	ADD  R21,R30
00022e c0db      	RJMP _0x200001B
                 _0x2000029:
00022f 2fe2      	MOV  R30,R18
000230 36e3      	CPI  R30,LOW(0x63)
000231 f449      	BRNE _0x200002F
000232 940e 0451 	CALL SUBOPT_0x9
000234 89e8      	LDD  R30,Y+16
000235 89f9      	LDD  R31,Y+16+1
000236 81a4      	LDD  R26,Z+4
000237 93aa      	ST   -Y,R26
000238 940e 0457 	CALL SUBOPT_0xA
00023a c0ce      	RJMP _0x2000030
                 _0x200002F:
00023b 37e3      	CPI  R30,LOW(0x73)
00023c f441      	BRNE _0x2000032
00023d 940e 0451 	CALL SUBOPT_0x9
00023f 940e 045d 	CALL SUBOPT_0xB
000241 940e 03ee 	CALL _strlen
000243 2f1e      	MOV  R17,R30
000244 c00a      	RJMP _0x2000033
                 _0x2000032:
000245 37e0      	CPI  R30,LOW(0x70)
000246 f461      	BRNE _0x2000035
000247 940e 0451 	CALL SUBOPT_0x9
000249 940e 045d 	CALL SUBOPT_0xB
00024b 940e 03fa 	CALL _strlenf
00024d 2f1e      	MOV  R17,R30
00024e 6008      	ORI  R16,LOW(8)
                 _0x2000033:
00024f 6002      	ORI  R16,LOW(2)
000250 770f      	ANDI R16,LOW(127)
000251 e030      	LDI  R19,LOW(0)
000252 c034      	RJMP _0x2000036
                 _0x2000035:
000253 36e4      	CPI  R30,LOW(0x64)
000254 f011      	BREQ _0x2000039
000255 36e9      	CPI  R30,LOW(0x69)
000256 f411      	BRNE _0x200003A
                 _0x2000039:
000257 6004      	ORI  R16,LOW(4)
000258 c002      	RJMP _0x200003B
                 _0x200003A:
000259 37e5      	CPI  R30,LOW(0x75)
00025a f431      	BRNE _0x200003C
                 _0x200003B:
00025b e5e4      	LDI  R30,LOW(_tbl10_G100*2)
00025c e0f0      	LDI  R31,HIGH(_tbl10_G100*2)
00025d 83ee      	STD  Y+6,R30
00025e 83ff      	STD  Y+6+1,R31
00025f e015      	LDI  R17,LOW(5)
000260 c00c      	RJMP _0x200003D
                 _0x200003C:
000261 35e8      	CPI  R30,LOW(0x58)
000262 f411      	BRNE _0x200003F
000263 6008      	ORI  R16,LOW(8)
000264 c003      	RJMP _0x2000040
                 _0x200003F:
000265 37e8      	CPI  R30,LOW(0x78)
000266 f009      	BREQ PC+2
000267 c0a1      	RJMP _0x2000071
                 _0x2000040:
000268 e5ee      	LDI  R30,LOW(_tbl16_G100*2)
000269 e0f0      	LDI  R31,HIGH(_tbl16_G100*2)
00026a 83ee      	STD  Y+6,R30
00026b 83ff      	STD  Y+6+1,R31
00026c e014      	LDI  R17,LOW(4)
                 _0x200003D:
00026d ff02      	SBRS R16,2
00026e c014      	RJMP _0x2000042
00026f 940e 0451 	CALL SUBOPT_0x9
000271 940e 0467 	CALL SUBOPT_0xC
000273 85ab      	LDD  R26,Y+11
000274 23aa      	TST  R26
000275 f43a      	BRPL _0x2000043
000276 85ea      	LDD  R30,Y+10
000277 85fb      	LDD  R31,Y+10+1
000278 940e 0492 	CALL __ANEGW1
00027a 87ea      	STD  Y+10,R30
00027b 87fb      	STD  Y+10+1,R31
00027c e24d      	LDI  R20,LOW(45)
                 _0x2000043:
00027d 3040      	CPI  R20,0
00027e f011      	BREQ _0x2000044
00027f 5f1f      	SUBI R17,-LOW(1)
000280 c001      	RJMP _0x2000045
                 _0x2000044:
000281 7f0b      	ANDI R16,LOW(251)
                 _0x2000045:
000282 c004      	RJMP _0x2000046
                 _0x2000042:
000283 940e 0451 	CALL SUBOPT_0x9
000285 940e 0467 	CALL SUBOPT_0xC
                 _0x2000046:
                 _0x2000036:
000287 fd00      	SBRC R16,0
000288 c011      	RJMP _0x2000047
                 _0x2000048:
000289 1715      	CP   R17,R21
00028a f478      	BRSH _0x200004A
00028b ff07      	SBRS R16,7
00028c c008      	RJMP _0x200004B
00028d ff02      	SBRS R16,2
00028e c004      	RJMP _0x200004C
00028f 7f0b      	ANDI R16,LOW(251)
000290 2f24      	MOV  R18,R20
000291 5011      	SUBI R17,LOW(1)
000292 c001      	RJMP _0x200004D
                 _0x200004C:
000293 e320      	LDI  R18,LOW(48)
                 _0x200004D:
000294 c001      	RJMP _0x200004E
                 _0x200004B:
000295 e220      	LDI  R18,LOW(32)
                 _0x200004E:
000296 940e 044a 	CALL SUBOPT_0x8
000298 5051      	SUBI R21,LOW(1)
000299 cfef      	RJMP _0x2000048
                 _0x200004A:
                 _0x2000047:
00029a 2f31      	MOV  R19,R17
00029b ff01      	SBRS R16,1
00029c c017      	RJMP _0x200004F
                 _0x2000050:
00029d 3030      	CPI  R19,0
00029e f0a1      	BREQ _0x2000052
00029f ff03      	SBRS R16,3
0002a0 c006      	RJMP _0x2000053
0002a1 81ee      	LDD  R30,Y+6
0002a2 81ff      	LDD  R31,Y+6+1
0002a3 9125      	LPM  R18,Z+
0002a4 83ee      	STD  Y+6,R30
0002a5 83ff      	STD  Y+6+1,R31
0002a6 c005      	RJMP _0x2000054
                 _0x2000053:
0002a7 81ae      	LDD  R26,Y+6
0002a8 81bf      	LDD  R27,Y+6+1
0002a9 912d      	LD   R18,X+
0002aa 83ae      	STD  Y+6,R26
0002ab 83bf      	STD  Y+6+1,R27
                 _0x2000054:
0002ac 940e 044a 	CALL SUBOPT_0x8
0002ae 3050      	CPI  R21,0
0002af f009      	BREQ _0x2000055
0002b0 5051      	SUBI R21,LOW(1)
                 _0x2000055:
0002b1 5031      	SUBI R19,LOW(1)
0002b2 cfea      	RJMP _0x2000050
                 _0x2000052:
0002b3 c04b      	RJMP _0x2000056
                 _0x200004F:
                 _0x2000058:
0002b4 e320      	LDI  R18,LOW(48)
0002b5 81ee      	LDD  R30,Y+6
0002b6 81ff      	LDD  R31,Y+6+1
0002b7 940e 04b5 	CALL __GETW1PF
0002b9 87e8      	STD  Y+8,R30
0002ba 87f9      	STD  Y+8+1,R31
0002bb 81ee      	LDD  R30,Y+6
0002bc 81ff      	LDD  R31,Y+6+1
0002bd 9632      	ADIW R30,2
0002be 83ee      	STD  Y+6,R30
0002bf 83ff      	STD  Y+6+1,R31
                 _0x200005A:
0002c0 85e8      	LDD  R30,Y+8
0002c1 85f9      	LDD  R31,Y+8+1
0002c2 85aa      	LDD  R26,Y+10
0002c3 85bb      	LDD  R27,Y+10+1
0002c4 17ae      	CP   R26,R30
0002c5 07bf      	CPC  R27,R31
0002c6 f050      	BRLO _0x200005C
0002c7 5f2f      	SUBI R18,-LOW(1)
0002c8 85a8      	LDD  R26,Y+8
0002c9 85b9      	LDD  R27,Y+8+1
0002ca 85ea      	LDD  R30,Y+10
0002cb 85fb      	LDD  R31,Y+10+1
0002cc 1bea      	SUB  R30,R26
0002cd 0bfb      	SBC  R31,R27
0002ce 87ea      	STD  Y+10,R30
0002cf 87fb      	STD  Y+10+1,R31
0002d0 cfef      	RJMP _0x200005A
                 _0x200005C:
0002d1 332a      	CPI  R18,58
0002d2 f028      	BRLO _0x200005D
0002d3 ff03      	SBRS R16,3
0002d4 c002      	RJMP _0x200005E
0002d5 5f29      	SUBI R18,-LOW(7)
0002d6 c001      	RJMP _0x200005F
                 _0x200005E:
0002d7 5d29      	SUBI R18,-LOW(39)
                 _0x200005F:
                 _0x200005D:
0002d8 fd04      	SBRC R16,4
0002d9 c01a      	RJMP _0x2000061
0002da 3321      	CPI  R18,49
0002db f420      	BRSH _0x2000063
0002dc 85a8      	LDD  R26,Y+8
0002dd 85b9      	LDD  R27,Y+8+1
0002de 9711      	SBIW R26,1
0002df f409      	BRNE _0x2000062
                 _0x2000063:
0002e0 c009      	RJMP _0x20000CD
                 _0x2000062:
0002e1 1753      	CP   R21,R19
0002e2 f010      	BRLO _0x2000067
0002e3 ff00      	SBRS R16,0
0002e4 c001      	RJMP _0x2000068
                 _0x2000067:
0002e5 c013      	RJMP _0x2000066
                 _0x2000068:
0002e6 e220      	LDI  R18,LOW(32)
0002e7 ff07      	SBRS R16,7
0002e8 c00b      	RJMP _0x2000069
0002e9 e320      	LDI  R18,LOW(48)
                 _0x20000CD:
0002ea 6100      	ORI  R16,LOW(16)
0002eb ff02      	SBRS R16,2
0002ec c007      	RJMP _0x200006A
0002ed 7f0b      	ANDI R16,LOW(251)
0002ee 934a      	ST   -Y,R20
0002ef 940e 0457 	CALL SUBOPT_0xA
0002f1 3050      	CPI  R21,0
0002f2 f009      	BREQ _0x200006B
0002f3 5051      	SUBI R21,LOW(1)
                 _0x200006B:
                 _0x200006A:
                 _0x2000069:
                 _0x2000061:
0002f4 940e 044a 	CALL SUBOPT_0x8
0002f6 3050      	CPI  R21,0
0002f7 f009      	BREQ _0x200006C
0002f8 5051      	SUBI R21,LOW(1)
                 _0x200006C:
                 _0x2000066:
0002f9 5031      	SUBI R19,LOW(1)
0002fa 85a8      	LDD  R26,Y+8
0002fb 85b9      	LDD  R27,Y+8+1
0002fc 9712      	SBIW R26,2
0002fd f008      	BRLO _0x2000059
0002fe cfb5      	RJMP _0x2000058
                 _0x2000059:
                 _0x2000056:
0002ff ff00      	SBRS R16,0
000300 c008      	RJMP _0x200006D
                 _0x200006E:
000301 3050      	CPI  R21,0
000302 f031      	BREQ _0x2000070
000303 5051      	SUBI R21,LOW(1)
000304 e2e0      	LDI  R30,LOW(32)
000305 93ea      	ST   -Y,R30
000306 940e 0457 	CALL SUBOPT_0xA
000308 cff8      	RJMP _0x200006E
                 _0x2000070:
                 _0x200006D:
                 _0x2000071:
                 _0x2000030:
                 _0x20000CC:
000309 e010      	LDI  R17,LOW(0)
                 _0x200001B:
00030a cee0      	RJMP _0x2000016
                 _0x2000018:
00030b 85ac      	LDD  R26,Y+12
00030c 85bd      	LDD  R27,Y+12+1
00030d 940e 04b1 	CALL __GETW1P
00030f 940e 04c5 	CALL __LOADLOCR6
000311 9664      	ADIW R28,20
000312 9508      	RET
                 ; .FEND
                 _sprintf:
                 ; .FSTART _sprintf
000313 92ff      	PUSH R15
000314 2ef8      	MOV  R15,R24
000315 9726      	SBIW R28,6
000316 940e 04c0 	CALL __SAVELOCR4
000318 940e 046f 	CALL SUBOPT_0xD
00031a 9730      	SBIW R30,0
00031b f419      	BRNE _0x2000072
00031c efef      	LDI  R30,LOW(65535)
00031d efff      	LDI  R31,HIGH(65535)
00031e c023      	RJMP _0x2080003
                 _0x2000072:
00031f 01de      	MOVW R26,R28
000320 9616      	ADIW R26,6
000321 940e 048e 	CALL __ADDW2R15
000323 018d      	MOVW R16,R26
000324 940e 046f 	CALL SUBOPT_0xD
000326 83ee      	STD  Y+6,R30
000327 83ff      	STD  Y+6+1,R31
000328 e0e0      	LDI  R30,LOW(0)
000329 87e8      	STD  Y+8,R30
00032a 87e9      	STD  Y+8+1,R30
00032b 01de      	MOVW R26,R28
00032c 961a      	ADIW R26,10
00032d 940e 048e 	CALL __ADDW2R15
00032f 940e 04b1 	CALL __GETW1P
000331 93fa      	ST   -Y,R31
000332 93ea      	ST   -Y,R30
000333 931a      	ST   -Y,R17
000334 930a      	ST   -Y,R16
000335 e9ef      	LDI  R30,LOW(_put_buff_G100)
000336 e0f1      	LDI  R31,HIGH(_put_buff_G100)
000337 93fa      	ST   -Y,R31
000338 93ea      	ST   -Y,R30
000339 01de      	MOVW R26,R28
00033a 961a      	ADIW R26,10
00033b dea3      	RCALL __print_G100
00033c 019f      	MOVW R18,R30
00033d 81ae      	LDD  R26,Y+6
00033e 81bf      	LDD  R27,Y+6+1
00033f e0e0      	LDI  R30,LOW(0)
000340 93ec      	ST   X,R30
000341 01f9      	MOVW R30,R18
                 _0x2080003:
000342 940e 04c7 	CALL __LOADLOCR4
000344 962a      	ADIW R28,10
000345 90ff      	POP  R15
000346 9508      	RET
                 ; .FEND
                 	#ifndef __SLEEP_DEFINED__
                 	#endif
                 
                 	.DSEG
                 
                 	.CSEG
                 __lcd_write_nibble_G101:
                 ; .FSTART __lcd_write_nibble_G101
000347 93aa      	ST   -Y,R26
000348 b3e5      	IN   R30,0x15
000349 70ef      	ANDI R30,LOW(0xF)
00034a 2fae      	MOV  R26,R30
00034b 81e8      	LD   R30,Y
00034c 7fe0      	ANDI R30,LOW(0xF0)
00034d 2bea      	OR   R30,R26
00034e bbe5      	OUT  0x15,R30
                +
00034f e08d     +LDI R24 , LOW ( 13 )
                +__DELAY_USB_LOOP :
000350 958a     +DEC R24
000351 f7f1     +BRNE __DELAY_USB_LOOP
                 	__DELAY_USB 13
000352 9aaa      	SBI  0x15,2
                +
000353 e08d     +LDI R24 , LOW ( 13 )
                +__DELAY_USB_LOOP :
000354 958a     +DEC R24
000355 f7f1     +BRNE __DELAY_USB_LOOP
                 	__DELAY_USB 13
000356 98aa      	CBI  0x15,2
                +
000357 e08d     +LDI R24 , LOW ( 13 )
                +__DELAY_USB_LOOP :
000358 958a     +DEC R24
000359 f7f1     +BRNE __DELAY_USB_LOOP
                 	__DELAY_USB 13
00035a c091      	RJMP _0x2080001
                 ; .FEND
                 __lcd_write_data:
                 ; .FSTART __lcd_write_data
00035b 93aa      	ST   -Y,R26
00035c 81a8      	LD   R26,Y
00035d dfe9      	RCALL __lcd_write_nibble_G101
00035e 81e8          ld    r30,y
00035f 95e2          swap  r30
000360 83e8          st    y,r30
000361 81a8      	LD   R26,Y
000362 dfe4      	RCALL __lcd_write_nibble_G101
                +
000363 e885     +LDI R24 , LOW ( 133 )
                +__DELAY_USB_LOOP :
000364 958a     +DEC R24
000365 f7f1     +BRNE __DELAY_USB_LOOP
                 	__DELAY_USB 133
000366 c085      	RJMP _0x2080001
                 ; .FEND
                 _lcd_gotoxy:
                 ; .FSTART _lcd_gotoxy
000367 93aa      	ST   -Y,R26
000368 81e8      	LD   R30,Y
000369 e0f0      	LDI  R31,0
00036a 56ea      	SUBI R30,LOW(-__base_y_G101)
00036b 4ffe      	SBCI R31,HIGH(-__base_y_G101)
00036c 81e0      	LD   R30,Z
00036d 81a9      	LDD  R26,Y+1
00036e 0fae      	ADD  R26,R30
00036f dfeb      	RCALL __lcd_write_data
000370 8069      	LDD  R6,Y+1
000371 81e8      	LD   R30,Y
000372 93e0 019a 	STS  __lcd_y,R30
000374 9622      	ADIW R28,2
000375 9508      	RET
                 ; .FEND
                 _lcd_clear:
                 ; .FSTART _lcd_clear
000376 e0a2      	LDI  R26,LOW(2)
000377 940e 0476 	CALL SUBOPT_0xE
000379 e0ac      	LDI  R26,LOW(12)
00037a dfe0      	RCALL __lcd_write_data
00037b e0a1      	LDI  R26,LOW(1)
00037c 940e 0476 	CALL SUBOPT_0xE
00037e e0e0      	LDI  R30,LOW(0)
00037f 93e0 019a 	STS  __lcd_y,R30
000381 2e6e      	MOV  R6,R30
000382 9508      	RET
                 ; .FEND
                 _lcd_putchar:
                 ; .FSTART _lcd_putchar
000383 93aa      	ST   -Y,R26
000384 81a8      	LD   R26,Y
000385 30aa      	CPI  R26,LOW(0xA)
000386 f021      	BREQ _0x2020005
000387 91e0 019b 	LDS  R30,__lcd_maxx
000389 166e      	CP   R6,R30
00038a f060      	BRLO _0x2020004
                 _0x2020005:
00038b e0e0      	LDI  R30,LOW(0)
00038c 93ea      	ST   -Y,R30
00038d 91a0 019a 	LDS  R26,__lcd_y
00038f 5faf      	SUBI R26,-LOW(1)
000390 93a0 019a 	STS  __lcd_y,R26
000392 dfd4      	RCALL _lcd_gotoxy
000393 81a8      	LD   R26,Y
000394 30aa      	CPI  R26,LOW(0xA)
000395 f409      	BRNE _0x2020007
000396 c055      	RJMP _0x2080001
                 _0x2020007:
                 _0x2020004:
000397 9463      	INC  R6
000398 9aa8      	SBI  0x15,0
000399 81a8      	LD   R26,Y
00039a dfc0      	RCALL __lcd_write_data
00039b 98a8      	CBI  0x15,0
00039c c04f      	RJMP _0x2080001
                 ; .FEND
                 _lcd_puts:
                 ; .FSTART _lcd_puts
00039d 93ba      	ST   -Y,R27
00039e 93aa      	ST   -Y,R26
00039f 931a      	ST   -Y,R17
                 _0x2020008:
0003a0 81a9      	LDD  R26,Y+1
0003a1 81ba      	LDD  R27,Y+1+1
0003a2 91ed      	LD   R30,X+
0003a3 83a9      	STD  Y+1,R26
0003a4 83ba      	STD  Y+1+1,R27
0003a5 2f1e      	MOV  R17,R30
0003a6 30e0      	CPI  R30,0
0003a7 f019      	BREQ _0x202000A
0003a8 2fa1      	MOV  R26,R17
0003a9 dfd9      	RCALL _lcd_putchar
0003aa cff5      	RJMP _0x2020008
                 _0x202000A:
0003ab c010      	RJMP _0x2080002
                 ; .FEND
                 _lcd_putsf:
                 ; .FSTART _lcd_putsf
0003ac 93ba      	ST   -Y,R27
0003ad 93aa      	ST   -Y,R26
0003ae 931a      	ST   -Y,R17
                 _0x202000B:
0003af 81e9      	LDD  R30,Y+1
0003b0 81fa      	LDD  R31,Y+1+1
0003b1 9631      	ADIW R30,1
0003b2 83e9      	STD  Y+1,R30
0003b3 83fa      	STD  Y+1+1,R31
0003b4 9731      	SBIW R30,1
0003b5 91e4      	LPM  R30,Z
0003b6 2f1e      	MOV  R17,R30
0003b7 30e0      	CPI  R30,0
0003b8 f019      	BREQ _0x202000D
0003b9 2fa1      	MOV  R26,R17
0003ba dfc8      	RCALL _lcd_putchar
0003bb cff3      	RJMP _0x202000B
                 _0x202000D:
                 _0x2080002:
0003bc 8118      	LDD  R17,Y+0
0003bd 9623      	ADIW R28,3
0003be 9508      	RET
                 ; .FEND
                 _lcd_init:
                 ; .FSTART _lcd_init
0003bf 93aa      	ST   -Y,R26
0003c0 b3e4      	IN   R30,0x14
0003c1 6fe0      	ORI  R30,LOW(0xF0)
0003c2 bbe4      	OUT  0x14,R30
0003c3 9aa2      	SBI  0x14,2
0003c4 9aa0      	SBI  0x14,0
0003c5 9aa1      	SBI  0x14,1
0003c6 98aa      	CBI  0x15,2
0003c7 98a8      	CBI  0x15,0
0003c8 98a9      	CBI  0x15,1
0003c9 81e8      	LD   R30,Y
0003ca 93e0 019b 	STS  __lcd_maxx,R30
0003cc 58e0      	SUBI R30,-LOW(128)
                +
0003cd 93e0 0198+STS __base_y_G101 + ( 2 ) , R30
                 	__PUTB1MN __base_y_G101,2
0003cf 81e8      	LD   R30,Y
0003d0 54e0      	SUBI R30,-LOW(192)
                +
0003d1 93e0 0199+STS __base_y_G101 + ( 3 ) , R30
                 	__PUTB1MN __base_y_G101,3
0003d3 e1a4      	LDI  R26,LOW(20)
0003d4 e0b0      	LDI  R27,0
0003d5 940e 0484 	CALL _delay_ms
0003d7 940e 047c 	CALL SUBOPT_0xF
0003d9 940e 047c 	CALL SUBOPT_0xF
0003db 940e 047c 	CALL SUBOPT_0xF
0003dd e2a0      	LDI  R26,LOW(32)
0003de df68      	RCALL __lcd_write_nibble_G101
                +
0003df ec88     +LDI R24 , LOW ( 200 )
0003e0 e090     +LDI R25 , HIGH ( 200 )
                +__DELAY_USW_LOOP :
0003e1 9701     +SBIW R24 , 1
0003e2 f7f1     +BRNE __DELAY_USW_LOOP
                 	__DELAY_USW 200
0003e3 e2a8      	LDI  R26,LOW(40)
0003e4 df76      	RCALL __lcd_write_data
0003e5 e0a4      	LDI  R26,LOW(4)
0003e6 df74      	RCALL __lcd_write_data
0003e7 e8a5      	LDI  R26,LOW(133)
0003e8 df72      	RCALL __lcd_write_data
0003e9 e0a6      	LDI  R26,LOW(6)
0003ea df70      	RCALL __lcd_write_data
0003eb df8a      	RCALL _lcd_clear
                 _0x2080001:
0003ec 9621      	ADIW R28,1
0003ed 9508      	RET
                 ; .FEND
                 
                 	.CSEG
                 
                 	.CSEG
                 _strlen:
                 ; .FSTART _strlen
0003ee 93ba      	ST   -Y,R27
0003ef 93aa      	ST   -Y,R26
0003f0 91a9          ld   r26,y+
0003f1 91b9          ld   r27,y+
0003f2 27ee          clr  r30
0003f3 27ff          clr  r31
                 strlen0:
0003f4 916d          ld   r22,x+
0003f5 2366          tst  r22
0003f6 f011          breq strlen1
0003f7 9631          adiw r30,1
0003f8 cffb          rjmp strlen0
                 strlen1:
0003f9 9508          ret
                 ; .FEND
                 _strlenf:
                 ; .FSTART _strlenf
0003fa 93ba      	ST   -Y,R27
0003fb 93aa      	ST   -Y,R26
0003fc 27aa          clr  r26
0003fd 27bb          clr  r27
0003fe 91e9          ld   r30,y+
0003ff 91f9          ld   r31,y+
                 strlenf0:
000400 9005      	lpm  r0,z+
000401 2000          tst  r0
000402 f011          breq strlenf1
000403 9611          adiw r26,1
000404 cffb          rjmp strlenf0
                 strlenf1:
000405 01fd          movw r30,r26
000406 9508          ret
                 ; .FEND
                 
                 	.DSEG
                 _y:
000160           	.BYTE 0x10
                 _w:
000170           	.BYTE 0x10
                 _o:
000180           	.BYTE 0x10
                 _t:
000190           	.BYTE 0x2
                 _k:
000192           	.BYTE 0x2
                 _r:
000194           	.BYTE 0x2
                 __base_y_G101:
000196           	.BYTE 0x4
                 __lcd_y:
00019a           	.BYTE 0x1
                 __lcd_maxx:
00019b           	.BYTE 0x1
                 
                 	.CSEG
                 ;OPTIMIZER ADDED SUBROUTINE, CALLED 4 TIMES, CODE SIZE REDUCTION:3 WORDS
                 SUBOPT_0x0:
000407 e0a2      	LDI  R26,LOW(2)
000408 e0b0      	LDI  R27,0
000409 940c 0484 	JMP  _delay_ms
                 
                 ;OPTIMIZER ADDED SUBROUTINE, CALLED 5 TIMES, CODE SIZE REDUCTION:13 WORDS
                 SUBOPT_0x1:
00040b 940e 0383 	CALL _lcd_putchar
00040d e2ac      	LDI  R26,LOW(300)
00040e e0b1      	LDI  R27,HIGH(300)
00040f 940c 0484 	JMP  _delay_ms
                 
                 ;OPTIMIZER ADDED SUBROUTINE, CALLED 2 TIMES, CODE SIZE REDUCTION:2 WORDS
                 SUBOPT_0x2:
000411 91e0 0190 	LDS  R30,_t
000413 5fef      	SUBI R30,-LOW(1)
000414 93ea      	ST   -Y,R30
000415 e0a0      	LDI  R26,LOW(0)
000416 940c 0367 	JMP  _lcd_gotoxy
                 
                 ;OPTIMIZER ADDED SUBROUTINE, CALLED 4 TIMES, CODE SIZE REDUCTION:3 WORDS
                 SUBOPT_0x3:
000418 93ea      	ST   -Y,R30
000419 e0a0      	LDI  R26,LOW(0)
00041a 940c 0367 	JMP  _lcd_gotoxy
                 
                 ;OPTIMIZER ADDED SUBROUTINE, CALLED 2 TIMES, CODE SIZE REDUCTION:4 WORDS
                 SUBOPT_0x4:
00041c e0aa      	LDI  R26,LOW(10)
00041d e0b0      	LDI  R27,HIGH(10)
00041e 940e 0496 	CALL __MULW12U
000420 01df      	MOVW R26,R30
000421 2de5      	MOV  R30,R5
000422 e0f0      	LDI  R31,0
000423 0fea      	ADD  R30,R26
000424 1ffb      	ADC  R31,R27
000425 9508      	RET
                 
                 ;OPTIMIZER ADDED SUBROUTINE, CALLED 2 TIMES, CODE SIZE REDUCTION:11 WORDS
                 SUBOPT_0x5:
000426 93fa      	ST   -Y,R31
000427 93ea      	ST   -Y,R30
                +
000428 e7ee     +LDI R30 , LOW ( 2 * _0x0 + ( 14 ) )
000429 e0f0     +LDI R31 , HIGH ( 2 * _0x0 + ( 14 ) )
                 	__POINTW1FN _0x0,14
00042a 93fa      	ST   -Y,R31
00042b 93ea      	ST   -Y,R30
00042c 2de5      	MOV  R30,R5
00042d 27ff      	CLR  R31
00042e 2766      	CLR  R22
00042f 2777      	CLR  R23
000430 940e 04b9 	CALL __PUTPARD1
000432 e084      	LDI  R24,4
000433 940e 0313 	CALL _sprintf
000435 9628      	ADIW R28,8
000436 9508      	RET
                 
                 ;OPTIMIZER ADDED SUBROUTINE, CALLED 2 TIMES, CODE SIZE REDUCTION:8 WORDS
                 SUBOPT_0x6:
000437 940e 039d 	CALL _lcd_puts
000439 e2ac      	LDI  R26,LOW(300)
00043a e0b1      	LDI  R27,HIGH(300)
00043b 940e 0484 	CALL _delay_ms
00043d e9a0      	LDI  R26,LOW(_t)
00043e e0b1      	LDI  R27,HIGH(_t)
00043f 91ed      	LD   R30,X+
000440 91fd      	LD   R31,X+
000441 9631      	ADIW R30,1
000442 93fe      	ST   -X,R31
000443 93ee      	ST   -X,R30
000444 9508      	RET
                 
                 ;OPTIMIZER ADDED SUBROUTINE, CALLED 4 TIMES, CODE SIZE REDUCTION:3 WORDS
                 SUBOPT_0x7:
000445 93e0 0194 	STS  _r,R30
000447 93f0 0195 	STS  _r+1,R31
000449 9508      	RET
                 
                 ;OPTIMIZER ADDED SUBROUTINE, CALLED 5 TIMES, CODE SIZE REDUCTION:13 WORDS
                 SUBOPT_0x8:
00044a 932a      	ST   -Y,R18
00044b 85ad      	LDD  R26,Y+13
00044c 85be      	LDD  R27,Y+13+1
00044d 85ef      	LDD  R30,Y+15
00044e 89f8      	LDD  R31,Y+15+1
00044f 9509      	ICALL
000450 9508      	RET
                 
                 ;OPTIMIZER ADDED SUBROUTINE, CALLED 5 TIMES, CODE SIZE REDUCTION:9 WORDS
                 SUBOPT_0x9:
000451 89e8      	LDD  R30,Y+16
000452 89f9      	LDD  R31,Y+16+1
000453 9734      	SBIW R30,4
000454 8be8      	STD  Y+16,R30
000455 8bf9      	STD  Y+16+1,R31
000456 9508      	RET
                 
                 ;OPTIMIZER ADDED SUBROUTINE, CALLED 3 TIMES, CODE SIZE REDUCTION:3 WORDS
                 SUBOPT_0xA:
000457 85ad      	LDD  R26,Y+13
000458 85be      	LDD  R27,Y+13+1
000459 85ef      	LDD  R30,Y+15
00045a 89f8      	LDD  R31,Y+15+1
00045b 9509      	ICALL
00045c 9508      	RET
                 
                 ;OPTIMIZER ADDED SUBROUTINE, CALLED 2 TIMES, CODE SIZE REDUCTION:4 WORDS
                 SUBOPT_0xB:
00045d 89a8      	LDD  R26,Y+16
00045e 89b9      	LDD  R27,Y+16+1
00045f 9614      	ADIW R26,4
000460 940e 04b1 	CALL __GETW1P
000462 83ee      	STD  Y+6,R30
000463 83ff      	STD  Y+6+1,R31
000464 81ae      	LDD  R26,Y+6
000465 81bf      	LDD  R27,Y+6+1
000466 9508      	RET
                 
                 ;OPTIMIZER ADDED SUBROUTINE, CALLED 2 TIMES, CODE SIZE REDUCTION:2 WORDS
                 SUBOPT_0xC:
000467 89a8      	LDD  R26,Y+16
000468 89b9      	LDD  R27,Y+16+1
000469 9614      	ADIW R26,4
00046a 940e 04b1 	CALL __GETW1P
00046c 87ea      	STD  Y+10,R30
00046d 87fb      	STD  Y+10+1,R31
00046e 9508      	RET
                 
                 ;OPTIMIZER ADDED SUBROUTINE, CALLED 2 TIMES, CODE SIZE REDUCTION:1 WORDS
                 SUBOPT_0xD:
00046f 01de      	MOVW R26,R28
000470 961c      	ADIW R26,12
000471 940e 048e 	CALL __ADDW2R15
000473 940e 04b1 	CALL __GETW1P
000475 9508      	RET
                 
                 ;OPTIMIZER ADDED SUBROUTINE, CALLED 2 TIMES, CODE SIZE REDUCTION:1 WORDS
                 SUBOPT_0xE:
000476 940e 035b 	CALL __lcd_write_data
000478 e0a3      	LDI  R26,LOW(3)
000479 e0b0      	LDI  R27,0
00047a 940c 0484 	JMP  _delay_ms
                 
                 ;OPTIMIZER ADDED SUBROUTINE, CALLED 3 TIMES, CODE SIZE REDUCTION:7 WORDS
                 SUBOPT_0xF:
00047c e3a0      	LDI  R26,LOW(48)
00047d 940e 0347 	CALL __lcd_write_nibble_G101
                +
00047f ec88     +LDI R24 , LOW ( 200 )
000480 e090     +LDI R25 , HIGH ( 200 )
                +__DELAY_USW_LOOP :
000481 9701     +SBIW R24 , 1
000482 f7f1     +BRNE __DELAY_USW_LOOP
                 	__DELAY_USW 200
000483 9508      	RET
                 
                 
                 	.CSEG
                 _delay_ms:
000484 9610      	adiw r26,0
000485 f039      	breq __delay_ms1
                 __delay_ms0:
                +
000486 ed80     +LDI R24 , LOW ( 0x7D0 )
000487 e097     +LDI R25 , HIGH ( 0x7D0 )
                +__DELAY_USW_LOOP :
000488 9701     +SBIW R24 , 1
000489 f7f1     +BRNE __DELAY_USW_LOOP
                 	__DELAY_USW 0x7D0
00048a 95a8      	wdr
00048b 9711      	sbiw r26,1
00048c f7c9      	brne __delay_ms0
                 __delay_ms1:
00048d 9508      	ret
                 
                 __ADDW2R15:
00048e 2400      	CLR  R0
00048f 0daf      	ADD  R26,R15
000490 1db0      	ADC  R27,R0
000491 9508      	RET
                 
                 __ANEGW1:
000492 95f1      	NEG  R31
000493 95e1      	NEG  R30
000494 40f0      	SBCI R31,0
000495 9508      	RET
                 
                 __MULW12U:
000496 9ffa      	MUL  R31,R26
000497 2df0      	MOV  R31,R0
000498 9feb      	MUL  R30,R27
000499 0df0      	ADD  R31,R0
00049a 9fea      	MUL  R30,R26
00049b 2de0      	MOV  R30,R0
00049c 0df1      	ADD  R31,R1
00049d 9508      	RET
                 
                 __DIVW21U:
00049e 2400      	CLR  R0
00049f 2411      	CLR  R1
0004a0 e190      	LDI  R25,16
                 __DIVW21U1:
0004a1 0faa      	LSL  R26
0004a2 1fbb      	ROL  R27
0004a3 1c00      	ROL  R0
0004a4 1c11      	ROL  R1
0004a5 1a0e      	SUB  R0,R30
0004a6 0a1f      	SBC  R1,R31
0004a7 f418      	BRCC __DIVW21U2
0004a8 0e0e      	ADD  R0,R30
0004a9 1e1f      	ADC  R1,R31
0004aa c001      	RJMP __DIVW21U3
                 __DIVW21U2:
0004ab 60a1      	SBR  R26,1
                 __DIVW21U3:
0004ac 959a      	DEC  R25
0004ad f799      	BRNE __DIVW21U1
0004ae 01fd      	MOVW R30,R26
0004af 01d0      	MOVW R26,R0
0004b0 9508      	RET
                 
                 __GETW1P:
0004b1 91ed      	LD   R30,X+
0004b2 91fc      	LD   R31,X
0004b3 9711      	SBIW R26,1
0004b4 9508      	RET
                 
                 __GETW1PF:
0004b5 9005      	LPM  R0,Z+
0004b6 91f4      	LPM  R31,Z
0004b7 2de0      	MOV  R30,R0
0004b8 9508      	RET
                 
                 __PUTPARD1:
0004b9 937a      	ST   -Y,R23
0004ba 936a      	ST   -Y,R22
0004bb 93fa      	ST   -Y,R31
0004bc 93ea      	ST   -Y,R30
0004bd 9508      	RET
                 
                 __SAVELOCR6:
0004be 935a      	ST   -Y,R21
                 __SAVELOCR5:
0004bf 934a      	ST   -Y,R20
                 __SAVELOCR4:
0004c0 933a      	ST   -Y,R19
                 __SAVELOCR3:
0004c1 932a      	ST   -Y,R18
                 __SAVELOCR2:
0004c2 931a      	ST   -Y,R17
0004c3 930a      	ST   -Y,R16
0004c4 9508      	RET
                 
                 __LOADLOCR6:
0004c5 815d      	LDD  R21,Y+5
                 __LOADLOCR5:
0004c6 814c      	LDD  R20,Y+4
                 __LOADLOCR4:
0004c7 813b      	LDD  R19,Y+3
                 __LOADLOCR3:
0004c8 812a      	LDD  R18,Y+2
                 __LOADLOCR2:
0004c9 8119      	LDD  R17,Y+1
0004ca 8108      	LD   R16,Y
0004cb 9508      	RET
                 
                 ;END OF CODE MARKER
                 __END_OF_CODE:


RESOURCE USE INFORMATION
------------------------

Notice:
The register and instruction counts are symbol table hit counts,
and hence implicitly used resources are not counted, eg, the
'lpm' instruction without operands implicitly uses r0 and z,
none of which are counted.

x,y,z are separate entities in the symbol table and are
counted separately from r26..r31 here.

.dseg memory usage only counts static data declared with .byte

ATmega16 register use summary:
r0 :  19 r1 :   6 r2 :   0 r3 :   0 r4 :   4 r5 :  21 r6 :   4 r7 :  12 
r8 :   7 r9 :   2 r10:   7 r11:   2 r12:   1 r13:   1 r14:   0 r15:   4 
r16:  34 r17:  27 r18:  29 r19:   8 r20:   9 r21:  17 r22:   7 r23:   3 
r24:  24 r25:   7 r26: 129 r27:  51 r28:  15 r29:   1 r30: 279 r31:  81 
x  :  27 y  : 178 z  :  16 
Registers used: 32 out of 35 (91.4%)

ATmega16 instruction use summary:
.lds  :   0 .lds.l:   0 .sts  :   0 .sts.l:   0 adc   :   4 add   :   8 
adiw  :  27 and   :   0 andi  :   6 asr   :   0 bclr  :   0 bld   :   0 
brbc  :   0 brbs  :   0 brcc  :   1 brcs  :   0 break :   0 breq  :  21 
brge  :   0 brhc  :   0 brhs  :   0 brid  :   0 brie  :   0 brlo  :   9 
brlt  :   0 brmi  :   1 brne  :  36 brpl  :   1 brsh  :   5 brtc  :   0 
brts  :   0 brvc  :   0 brvs  :   0 bset  :   0 bst   :   0 call  :  88 
cbi   :   9 cbr   :   0 clc   :   0 clh   :   0 cli   :   1 cln   :   0 
clr   :  24 cls   :   0 clt   :   0 clv   :   0 clz   :   0 com   :   0 
cp    :  15 cpc   :   2 cpi   :  34 cpse  :   0 dec   :   6 des   :   0 
eor   :   0 fmul  :   0 fmuls :   0 fmulsu:   0 icall :   2 ijmp  :   0 
in    :   2 inc   :   1 jmp   :  27 ld    :  28 ldd   :  77 ldi   : 157 
lds   :  10 lpm   :  16 lsl   :   1 lsr   :   0 mov   :  41 movw  :  27 
mul   :   4 muls  :   0 mulsu :   0 neg   :   2 nop   :   0 or    :   1 
ori   :   7 out   :  20 pop   :   1 push  :   1 rcall :  18 ret   :  32 
reti  :   0 rjmp  :  80 rol   :   3 ror   :   0 sbc   :   3 sbci  :   2 
sbi   :   9 sbic  :  15 sbis  :   1 sbiw  :  21 sbr   :   1 sbrc  :   2 
sbrs  :  10 sec   :   0 seh   :   0 sei   :   0 sen   :   0 ser   :   0 
ses   :   0 set   :   0 sev   :   0 sez   :   0 sleep :   0 spm   :   0 
st    :  70 std   :  33 sts   :  12 sub   :   3 subi  :  19 swap  :   1 
tst   :   4 wdr   :   1 
Instructions used: 59 out of 116 (50.9%)

ATmega16 memory use summary [bytes]:
Segment   Begin    End      Code   Data   Used    Size   Use%
---------------------------------------------------------------
[.cseg] 0x000000 0x000998   2394     62   2456   16384  15.0%
[.dseg] 0x000060 0x00019c      0     60     60    1024   5.9%
[.eseg] 0x000000 0x000000      0      0      0     512   0.0%

Assembly complete, 0 errors, 11 warnings
